<html>
<body>
<pre>
<h1>µVision Build Log</h1>
<h2>Tool Versions:</h2>
IDE-Version: ¦ÌVision V5.40.0.0
Copyright (C) 2024 ARM Ltd and ARM Germany GmbH. All rights reserved.
License Information: 123 123, 123, LIC=MPPLD-8XQV6-9U84U-SCG48-RP71X-4MZU7
 
Tool Versions:
Toolchain:       MDK-ARM Plus  Version: 5.40.0.3
Toolchain Path:  D:\AppGallery\Downloads\Competition\Keil_v5\ARM\ARMCC\Bin
C Compiler:      Armcc.exe V5.06 update 7 (build 960)
Assembler:       Armasm.exe V5.06 update 7 (build 960)
Linker/Locator:  ArmLink.exe V5.06 update 7 (build 960)
Library Manager: ArmAr.exe V5.06 update 7 (build 960)
Hex Converter:   FromElf.exe V5.06 update 7 (build 960)
CPU DLL:         SARMCM3.DLL V5.40.0.3
Dialog DLL:      DCM.DLL V1.17.5.0
Target DLL:      STLink\ST-LINKIII-KEIL_SWO.dll V3.3.0.0
Dialog DLL:      TCM.DLL V1.56.4.0
 
<h2>Project:</h2>
D:\HuaweiMoveData\Users\duoxi\Desktop\T1\USER\ADC.uvprojx
Project File Date:  02/18/2026

<h2>Output:</h2>
*** Using Compiler 'V5.06 update 7 (build 960)', folder: 'D:\AppGallery\Downloads\Competition\Keil_v5\ARM\ARMCC\Bin'
Build target 'ADC'
compiling main.c...
fish_tank_data.h(34): warning:  #1-D: last line of file ends without a newline
  #endif
bsp_relay.h(55): warning:  #1-D: last line of file ends without a newline
  #endif
bsp_ds18b20.h(29): warning:  #1-D: last line of file ends without a newline
  #endif
bsp_liquid.h(20): warning:  #1-D: last line of file ends without a newline
  #endif
main.c: 4 warnings, 0 errors
linking...
Program Size: Code=52692 RO-data=19780 RW-data=232 ZI-data=33608080  
FromELF: creating hex file...
"..\OBJ\ADC.axf" - 0 Error(s), 4 Warning(s).

<h2>Software Packages used:</h2>

Package Vendor: Keil
                http://www.keil.com/pack/Keil.STM32F4xx_DFP.2.9.0.pack
                Keil::STM32F4xx_DFP@2.9.0
                STMicroelectronics STM32F4 Series Device Support, Drivers and Examples

<h2>Collection of Component include folders:</h2>
  D:/AppGallery/Downloads/Competition/Keil_v5/ARM/PACK/Keil/STM32F4xx_DFP/2.9.0/Drivers/CMSIS/Device/ST/STM32F4xx/Include

<h2>Collection of Component Files used:</h2>
Build Time Elapsed:  00:00:03
</pre>
</body>
</html>
