Component: ARM Compiler 5.06 update 7 (build 960) Tool: armlink [4d3601]

==============================================================================

Section Cross References

    main.o(i.App_Sync_Time) refers to rt_memclr_w.o(.text) for __aeabi_memclr4
    main.o(i.App_Sync_Time) refers to stm32f4xx_hal_rtc.o(i.HAL_RTC_SetTime) for HAL_RTC_SetTime
    main.o(i.App_Sync_Time) refers to stm32f4xx_hal_rtc.o(i.HAL_RTC_SetDate) for HAL_RTC_SetDate
    main.o(i.App_Sync_Time) refers to main.o(.bss) for .bss
    main.o(i.Draw_CN_Btn) refers to lcd.o(i.LCD_Fill) for LCD_Fill
    main.o(i.Draw_CN_Btn) refers to strlen.o(.text) for strlen
    main.o(i.Draw_CN_Btn) refers to text.o(i.Show_Str) for Show_Str
    main.o(i.Draw_CN_Btn) refers to lcd.o(.data) for BACK_COLOR
    main.o(i.Draw_CN_Setting_Frame) refers to main.o(i.Wipe_Area) for Wipe_Area
    main.o(i.Draw_CN_Setting_Frame) refers to lcd.o(i.LCD_DrawRectangle) for LCD_DrawRectangle
    main.o(i.Draw_CN_Setting_Frame) refers to strlen.o(.text) for strlen
    main.o(i.Draw_CN_Setting_Frame) refers to text.o(i.Show_Str) for Show_Str
    main.o(i.Draw_CN_Setting_Frame) refers to main.o(.data) for .data
    main.o(i.Draw_CN_Setting_Frame) refers to lcd.o(.data) for POINT_COLOR
    main.o(i.Draw_Card) refers to lcd.o(i.LCD_Fill) for LCD_Fill
    main.o(i.Draw_Card) refers to text.o(i.Show_Str) for Show_Str
    main.o(i.Draw_Card) refers to lcd.o(.data) for BACK_COLOR
    main.o(i.Draw_Circle_Btn) refers to lcd.o(i.LCD_Fast_DrawPoint) for LCD_Fast_DrawPoint
    main.o(i.Draw_Circle_Btn) refers to lcd.o(i.LCD_ShowString) for LCD_ShowString
    main.o(i.Draw_Circle_Btn) refers to lcd.o(.data) for BACK_COLOR
    main.o(i.Draw_Dashboard) refers to lcd.o(i.LCD_Clear) for LCD_Clear
    main.o(i.Draw_Dashboard) refers to lcd.o(i.LCD_Fill) for LCD_Fill
    main.o(i.Draw_Dashboard) refers to text.o(i.Show_Str) for Show_Str
    main.o(i.Draw_Dashboard) refers to main.o(i.Draw_Card) for Draw_Card
    main.o(i.Draw_Dashboard) refers to main.o(i.Draw_Circle_Btn) for Draw_Circle_Btn
    main.o(i.Draw_Dashboard) refers to main.o(i.Update_Target_View) for Update_Target_View
    main.o(i.Draw_Dashboard) refers to main.o(.data) for .data
    main.o(i.Draw_Dashboard) refers to lcd.o(.data) for BACK_COLOR
    main.o(i.Extra_Sensors_Init) refers to rt_memclr_w.o(.text) for __aeabi_memclr4
    main.o(i.Extra_Sensors_Init) refers to stm32f4xx_hal_gpio.o(i.HAL_GPIO_Init) for HAL_GPIO_Init
    main.o(i.Load_Settings) refers to 24cxx.o(i.AT24CXX_ReadOneByte) for AT24CXX_ReadOneByte
    main.o(i.Load_Settings) refers to main.o(.data) for .data
    main.o(i.Log_Add) refers to _printf_pad.o(.text) for _printf_pre_padding
    main.o(i.Log_Add) refers to _printf_percent.o(.ARM.Collect$$_printf_percent$$00000000) for _printf_percent
    main.o(i.Log_Add) refers to _printf_d.o(.ARM.Collect$$_printf_percent$$00000009) for _printf_d
    main.o(i.Log_Add) refers to _printf_s.o(.ARM.Collect$$_printf_percent$$00000014) for _printf_s
    main.o(i.Log_Add) refers to _printf_dec.o(.text) for _printf_int_dec
    main.o(i.Log_Add) refers to _printf_str.o(.text) for _printf_str
    main.o(i.Log_Add) refers to stm32f4xx_hal_rtc.o(i.HAL_RTC_GetTime) for HAL_RTC_GetTime
    main.o(i.Log_Add) refers to stm32f4xx_hal_rtc.o(i.HAL_RTC_GetDate) for HAL_RTC_GetDate
    main.o(i.Log_Add) refers to noretval__2sprintf.o(.text) for __2sprintf
    main.o(i.Log_Add) refers to strcpy.o(.text) for strcpy
    main.o(i.Log_Add) refers to main.o(i.Update_Log_UI) for Update_Log_UI
    main.o(i.Log_Add) refers to main.o(.bss) for .bss
    main.o(i.Log_Add) refers to main.o(.data) for .data
    main.o(i.RTC_Init_NoBattery) refers to rt_memclr_w.o(.text) for __aeabi_memclr4
    main.o(i.RTC_Init_NoBattery) refers to stm32f4xx_hal_pwr.o(i.HAL_PWR_EnableBkUpAccess) for HAL_PWR_EnableBkUpAccess
    main.o(i.RTC_Init_NoBattery) refers to stm32f4xx_hal_rcc.o(i.HAL_RCC_OscConfig) for HAL_RCC_OscConfig
    main.o(i.RTC_Init_NoBattery) refers to stm32f4xx_hal_rcc_ex.o(i.HAL_RCCEx_PeriphCLKConfig) for HAL_RCCEx_PeriphCLKConfig
    main.o(i.RTC_Init_NoBattery) refers to stm32f4xx_hal_rtc.o(i.HAL_RTC_Init) for HAL_RTC_Init
    main.o(i.RTC_Init_NoBattery) refers to atoi.o(.text) for atoi
    main.o(i.RTC_Init_NoBattery) refers to strncmp.o(.text) for strncmp
    main.o(i.RTC_Init_NoBattery) refers to stm32f4xx_hal_rtc.o(i.HAL_RTC_SetTime) for HAL_RTC_SetTime
    main.o(i.RTC_Init_NoBattery) refers to stm32f4xx_hal_rtc.o(i.HAL_RTC_SetDate) for HAL_RTC_SetDate
    main.o(i.RTC_Init_NoBattery) refers to main.o(.bss) for .bss
    main.o(i.Save_Settings) refers to 24cxx.o(i.AT24CXX_WriteOneByte) for AT24CXX_WriteOneByte
    main.o(i.Save_Settings) refers to delay.o(i.delay_ms) for delay_ms
    main.o(i.Save_Settings) refers to main.o(.data) for .data
    main.o(i.Send_AT) refers to _printf_percent.o(.ARM.Collect$$_printf_percent$$00000000) for _printf_percent
[...]
    __user_setup_stackheap                   0x080010e9   Thumb Code    74  sys_stackheap_outer.o(.text)
    _chval                                   0x08001133   Thumb Code    28  _chval.o(.text)
    exit                                     0x0800114f   Thumb Code    18  exit.o(.text)
    _btod_d2e                                0x08001161   Thumb Code    62  btod.o(CL$$btod_d2e)
    _d2e_denorm_low                          0x0800119f   Thumb Code    70  btod.o(CL$$btod_d2e_denorm_low)
    _d2e_norm_op1                            0x080011e5   Thumb Code    96  btod.o(CL$$btod_d2e_norm_op1)
    __btod_div_common                        0x08001245   Thumb Code   696  btod.o(CL$$btod_div_common)
    _e2e                                     0x0800157d   Thumb Code   220  btod.o(CL$$btod_e2e)
    _btod_ediv                               0x08001659   Thumb Code    42  btod.o(CL$$btod_ediv)
    _btod_emul                               0x08001683   Thumb Code    42  btod.o(CL$$btod_emul)
    __btod_mult_common                       0x080016ad   Thumb Code   580  btod.o(CL$$btod_mult_common)
    AT24CXX_Init                             0x08001a25   Thumb Code     4  24cxx.o(i.AT24CXX_Init)
    AT24CXX_Read                             0x08001a29   Thumb Code    34  24cxx.o(i.AT24CXX_Read)
    AT24CXX_ReadOneByte                      0x08001a4b   Thumb Code    66  24cxx.o(i.AT24CXX_ReadOneByte)
    AT24CXX_Write                            0x08001a8d   Thumb Code    32  24cxx.o(i.AT24CXX_Write)
    AT24CXX_WriteOneByte                     0x08001aad   Thumb Code    62  24cxx.o(i.AT24CXX_WriteOneByte)
    BSP_Liquid_Init                          0x08001aed   Thumb Code    50  bsp_liquid.o(i.BSP_Liquid_Init)
    BSP_Relay_Init                           0x08001b29   Thumb Code   142  bsp_relay.o(i.BSP_Relay_Init)
    BSP_Relay_Set                            0x08001bc9   Thumb Code    56  bsp_relay.o(i.BSP_Relay_Set)
    BusFault_Handler                         0x08001c0d   Thumb Code     2  stm32f4xx_it.o(i.BusFault_Handler)
    CT_IIC_Ack                               0x08001c11   Thumb Code    60  ctiic.o(i.CT_IIC_Ack)
    CT_IIC_Init                              0x08001c55   Thumb Code    90  ctiic.o(i.CT_IIC_Init)
    CT_IIC_NAck                              0x08001cc5   Thumb Code    46  ctiic.o(i.CT_IIC_NAck)
    CT_IIC_Read_Byte                         0x08001cfd   Thumb Code    84  ctiic.o(i.CT_IIC_Read_Byte)
    CT_IIC_Send_Byte                         0x08001d59   Thumb Code    64  ctiic.o(i.CT_IIC_Send_Byte)
    CT_IIC_Start                             0x08001da1   Thumb Code    52  ctiic.o(i.CT_IIC_Start)
    CT_IIC_Stop                              0x08001ddd   Thumb Code    46  ctiic.o(i.CT_IIC_Stop)
    CT_IIC_Wait_Ack                          0x08001e15   Thumb Code    80  ctiic.o(i.CT_IIC_Wait_Ack)
    DS18B20_Check                            0x08001e6d   Thumb Code    92  bsp_ds18b20.o(i.DS18B20_Check)
    DS18B20_Get_Temp                         0x08001ecd   Thumb Code   100  bsp_ds18b20.o(i.DS18B20_Get_Temp)
    DS18B20_Init                             0x08001f39   Thumb Code    56  bsp_ds18b20.o(i.DS18B20_Init)
    DS18B20_Read_Bit                         0x08001f79   Thumb Code    90  bsp_ds18b20.o(i.DS18B20_Read_Bit)
    DS18B20_Read_Byte                        0x08001fd9   Thumb Code    30  bsp_ds18b20.o(i.DS18B20_Read_Byte)
    DS18B20_Rst                              0x08001ff9   Thumb Code    58  bsp_ds18b20.o(i.DS18B20_Rst)
    DS18B20_Start                            0x08002039   Thumb Code    26  bsp_ds18b20.o(i.DS18B20_Start)
    DS18B20_Write_Byte                       0x08002055   Thumb Code   104  bsp_ds18b20.o(i.DS18B20_Write_Byte)
    DebugMon_Handler                         0x080020c1   Thumb Code     2  stm32f4xx_it.o(i.DebugMon_Handler)
    Draw_CN_Btn                              0x080020c5   Thumb Code   102  main.o(i.Draw_CN_Btn)
    Draw_CN_Setting_Frame                    0x08002135   Thumb Code   140  main.o(i.Draw_CN_Setting_Frame)
    Draw_Card                                0x080021cd   Thumb Code    96  main.o(i.Draw_Card)
    Draw_Circle_Btn                          0x08002235   Thumb Code   120  main.o(i.Draw_Circle_Btn)
    Draw_Dashboard                           0x080022b5   Thumb Code   182  main.o(i.Draw_Dashboard)
    Extra_Sensors_Init                       0x080023c1   Thumb Code    88  main.o(i.Extra_Sensors_Init)
    FMC_NORSRAM_Extended_Timing_Init         0x08002425   Thumb Code    60  stm32f4xx_ll_fmc.o(i.FMC_NORSRAM_Extended_Timing_Init)
    FMC_NORSRAM_Init                         0x08002465   Thumb Code   110  stm32f4xx_ll_fmc.o(i.FMC_NORSRAM_Init)
    FMC_NORSRAM_Timing_Init                  0x080024dd   Thumb Code    86  stm32f4xx_ll_fmc.o(i.FMC_NORSRAM_Timing_Init)
    FMC_SDRAM_Init                           0x08002539   Thumb Code    76  stm32f4xx_ll_fmc.o(i.FMC_SDRAM_Init)
    FMC_SDRAM_ProgramRefreshRate             0x08002585   Thumb Code    12  stm32f4xx_ll_fmc.o(i.FMC_SDRAM_ProgramRefreshRate)
    FMC_SDRAM_SendCommand                    0x08002591   Thumb Code    72  stm32f4xx_ll_fmc.o(i.FMC_SDRAM_SendCommand)
    FMC_SDRAM_Timing_Init                    0x080025d9   Thumb Code   124  stm32f4xx_ll_fmc.o(i.FMC_SDRAM_Timing_Init)
    FT5206_Init                              0x08002655   Thumb Code   298  ft5206.o(i.FT5206_Init)
    FT5206_RD_Reg                            0x080027ad   Thumb Code    86  ft5206.o(i.FT5206_RD_Reg)
    FT5206_Scan                              0x08002805   Thumb Code   554  ft5206.o(i.FT5206_Scan)
    FT5206_WR_Reg                            0x08002a45   Thumb Code    72  ft5206.o(i.FT5206_WR_Reg)
    GT9147_Init                              0x08002a8d   Thumb Code   288  gt9147.o(i.GT9147_Init)
    GT9147_RD_Reg                            0x08002bf9   Thumb Code    96  gt9147.o(i.GT9147_RD_Reg)
    GT9147_Scan                              0x08002c59   Thumb Code   488  gt9147.o(i.GT9147_Scan)
    GT9147_Send_Cfg                          0x08002e51   Thumb Code    72  gt9147.o(i.GT9147_Send_Cfg)
    GT9147_WR_Reg                            0x08002e9d   Thumb Code    82  gt9147.o(i.GT9147_WR_Reg)
    GT9271_Init                              0x08002ef1   Thumb Code   260  gt9271.o(i.GT9271_Init)
    GT9271_RD_Reg                            0x0800302d   Thumb Code    96  gt9271.o(i.GT9271_RD_Reg)
    GT9271_Scan                              0x0800308d   Thumb Code   414  gt9271.o(i.GT9271_Scan)
    GT9271_Send_Cfg                          0x0800323d   Thumb Code    72  gt9271.o(i.GT9271_Send_Cfg)
    GT9271_WR_Reg                            0x08003289   Thumb Code    82  gt9271.o(i.GT9271_WR_Reg)
    Get_Adc                                  0x080032dd   Thumb Code    50  adc.o(i.Get_Adc)
    Get_Adc_Average                          0x08003315   Thumb Code    46  adc.o(i.Get_Adc_Average)
    Get_HzMat                                0x08003345   Thumb Code   146  text.o(i.Get_HzMat)
    HAL_ADC_ConfigChannel                    0x080033dd   Thumb Code   324  stm32f4xx_hal_adc.o(i.HAL_ADC_ConfigChannel)
    HAL_ADC_GetValue                         0x08003531   Thumb Code     6  stm32f4xx_hal_adc.o(i.HAL_ADC_GetValue)
    HAL_ADC_Init                             0x08003537   Thumb Code    58  stm32f4xx_hal_adc.o(i.HAL_ADC_Init)
    HAL_ADC_MspInit                          0x08003571   Thumb Code     2  stm32f4xx_hal_adc.o(i.HAL_ADC_MspInit)
    HAL_ADC_PollForConversion                0x08003573   Thumb Code   108  stm32f4xx_hal_adc.o(i.HAL_ADC_PollForConversion)
    HAL_ADC_Start                            0x080035e1   Thumb Code   124  stm32f4xx_hal_adc.o(i.HAL_ADC_Start)
    HAL_GPIO_Init                            0x08003669   Thumb Code   422  stm32f4xx_hal_gpio.o(i.HAL_GPIO_Init)
    HAL_GPIO_ReadPin                         0x08003845   Thumb Code    10  stm32f4xx_hal_gpio.o(i.HAL_GPIO_ReadPin)
    HAL_GPIO_WritePin                        0x0800384f   Thumb Code    10  stm32f4xx_hal_gpio.o(i.HAL_GPIO_WritePin)
    HAL_GetTick                              0x08003859   Thumb Code     6  stm32f4xx_hal.o(i.HAL_GetTick)
    HAL_IncTick                              0x08003865   Thumb Code    10  stm32f4xx_hal.o(i.HAL_IncTick)
    HAL_Init                                 0x08003875   Thumb Code    48  stm32f4xx_hal.o(i.HAL_Init)
    HAL_InitTick                             0x080038a9   Thumb Code    34  stm32f4xx_hal.o(i.HAL_InitTick)
    HAL_LTDC_ConfigLayer                     0x080038cb   Thumb Code    82  stm32f4xx_hal_ltdc.o(i.HAL_LTDC_ConfigLayer)
    HAL_LTDC_Init                            0x0800391d   Thumb Code   248  stm32f4xx_hal_ltdc.o(i.HAL_LTDC_Init)
    HAL_LTDC_MspInit                         0x08003a19   Thumb Code   218  ltdc.o(i.HAL_LTDC_MspInit)
    HAL_LTDC_SetWindowPosition               0x08003b0d   Thumb Code    84  stm32f4xx_hal_ltdc.o(i.HAL_LTDC_SetWindowPosition)
    HAL_LTDC_SetWindowSize                   0x08003b61   Thumb Code    84  stm32f4xx_hal_ltdc.o(i.HAL_LTDC_SetWindowSize)
    HAL_MspInit                              0x08003bb5   Thumb Code     8  stm32f4xx_hal.o(i.HAL_MspInit)
    HAL_NVIC_EnableIRQ                       0x08003bbd   Thumb Code    22  stm32f4xx_hal_cortex.o(i.HAL_NVIC_EnableIRQ)
    HAL_NVIC_SetPriority                     0x08003bd5   Thumb Code    60  stm32f4xx_hal_cortex.o(i.HAL_NVIC_SetPriority)
    HAL_NVIC_SetPriorityGrouping             0x08003c15   Thumb Code    26  stm32f4xx_hal_cortex.o(i.HAL_NVIC_SetPriorityGrouping)
    HAL_PWREx_EnableOverDrive                0x08003c39   Thumb Code   122  stm32f4xx_hal_pwr_ex.o(i.HAL_PWREx_EnableOverDrive)
    HAL_PWR_EnableBkUpAccess                 0x08003cc1   Thumb Code    20  stm32f4xx_hal_pwr.o(i.HAL_PWR_EnableBkUpAccess)
    HAL_RCCEx_PeriphCLKConfig                0x08003cd9   Thumb Code   644  stm32f4xx_hal_rcc_ex.o(i.HAL_RCCEx_PeriphCLKConfig)
    HAL_RCC_ClockConfig                      0x08003f81   Thumb Code   512  stm32f4xx_hal_rcc.o(i.HAL_RCC_ClockConfig)
    HAL_RCC_GetHCLKFreq                      0x08004189   Thumb Code    38  stm32f4xx_hal_rcc.o(i.HAL_RCC_GetHCLKFreq)
    HAL_RCC_GetPCLK1Freq                     0x080041bd   Thumb Code    36  stm32f4xx_hal_rcc.o(i.HAL_RCC_GetPCLK1Freq)
    HAL_RCC_GetPCLK2Freq                     0x080041e9   Thumb Code    36  stm32f4xx_hal_rcc.o(i.HAL_RCC_GetPCLK2Freq)
    HAL_RCC_GetSysClockFreq                  0x08004215   Thumb Code   104  stm32f4xx_hal_rcc.o(i.HAL_RCC_GetSysClockFreq)
    HAL_RCC_OscConfig                        0x08004289   Thumb Code   774  stm32f4xx_hal_rcc.o(i.HAL_RCC_OscConfig)
    HAL_RTC_GetDate                          0x080045a5   Thumb Code    62  stm32f4xx_hal_rtc.o(i.HAL_RTC_GetDate)
    HAL_RTC_GetTime                          0x080045e9   Thumb Code    82  stm32f4xx_hal_rtc.o(i.HAL_RTC_GetTime)
    HAL_RTC_Init                             0x08004641   Thumb Code   150  stm32f4xx_hal_rtc.o(i.HAL_RTC_Init)
    HAL_RTC_MspInit                          0x080046dd   Thumb Code     2  stm32f4xx_hal_rtc.o(i.HAL_RTC_MspInit)
    HAL_RTC_SetDate                          0x080046e1   Thumb Code   204  stm32f4xx_hal_rtc.o(i.HAL_RTC_SetDate)
    HAL_RTC_SetTime                          0x080047b1   Thumb Code   236  stm32f4xx_hal_rtc.o(i.HAL_RTC_SetTime)
    HAL_RTC_WaitForSynchro                   0x080048a1   Thumb Code    52  stm32f4xx_hal_rtc.o(i.HAL_RTC_WaitForSynchro)
    HAL_SDRAM_Init                           0x080048d5   Thumb Code    66  stm32f4xx_hal_sdram.o(i.HAL_SDRAM_Init)
    HAL_SDRAM_MspInit                        0x08004919   Thumb Code   194  sdram.o(i.HAL_SDRAM_MspInit)
    HAL_SDRAM_ProgramRefreshRate             0x080049f5   Thumb Code    34  stm32f4xx_hal_sdram.o(i.HAL_SDRAM_ProgramRefreshRate)
    HAL_SDRAM_SendCommand                    0x08004a17   Thumb Code    46  stm32f4xx_hal_sdram.o(i.HAL_SDRAM_SendCommand)
    HAL_SPI_Init                             0x08004a45   Thumb Code   132  stm32f4xx_hal_spi.o(i.HAL_SPI_Init)
    HAL_SPI_MspInit                          0x08004ac9   Thumb Code    74  spi.o(i.HAL_SPI_MspInit)
    HAL_SPI_TransmitReceive                  0x08004b1d   Thumb Code   682  stm32f4xx_hal_spi.o(i.HAL_SPI_TransmitReceive)
    HAL_SRAM_Init                            0x08004dc7   Thumb Code    86  stm32f4xx_hal_sram.o(i.HAL_SRAM_Init)
    HAL_SRAM_MspInit                         0x08004e1d   Thumb Code   106  lcd.o(i.HAL_SRAM_MspInit)
    HAL_SYSTICK_CLKSourceConfig              0x08004e95   Thumb Code    24  stm32f4xx_hal_cortex.o(i.HAL_SYSTICK_CLKSourceConfig)
    HAL_SYSTICK_Config                       0x08004ead   Thumb Code    40  stm32f4xx_hal_cortex.o(i.HAL_SYSTICK_Config)
    HAL_UART_ErrorCallback                   0x08004ed5   Thumb Code     2  stm32f4xx_hal_uart.o(i.HAL_UART_ErrorCallback)
    HAL_UART_IRQHandler                      0x08004ed7   Thumb Code   244  stm32f4xx_hal_uart.o(i.HAL_UART_IRQHandler)
    HAL_UART_Init                            0x08004fcb   Thumb Code    94  stm32f4xx_hal_uart.o(i.HAL_UART_Init)
    HAL_UART_MspInit                         0x08005029   Thumb Code   134  usart.o(i.HAL_UART_MspInit)
    HAL_UART_Receive                         0x080050bd   Thumb Code   202  stm32f4xx_hal_uart.o(i.HAL_UART_Receive)
    HAL_UART_RxCpltCallback                  0x08005187   Thumb Code     2  stm32f4xx_hal_uart.o(i.HAL_UART_RxCpltCallback)
    HAL_UART_Transmit                        0x08005189   Thumb Code   200  stm32f4xx_hal_uart.o(i.HAL_UART_Transmit)
    HAL_UART_TxCpltCallback                  0x08005251   Thumb Code     2  stm32f4xx_hal_uart.o(i.HAL_UART_TxCpltCallback)
    HardFault_Handler                        0x08005253   Thumb Code     2  stm32f4xx_it.o(i.HardFault_Handler)
    IIC_Ack                                  0x08005255   Thumb Code    56  myiic.o(i.IIC_Ack)
    IIC_Init                                 0x08005295   Thumb Code    58  myiic.o(i.IIC_Init)
    IIC_NAck                                 0x080052dd   Thumb Code    56  myiic.o(i.IIC_NAck)
    IIC_Read_Byte                            0x0800531d   Thumb Code    96  myiic.o(i.IIC_Read_Byte)
    IIC_Send_Byte                            0x08005385   Thumb Code    86  myiic.o(i.IIC_Send_Byte)
    IIC_Start                                0x080053e5   Thumb Code    56  myiic.o(i.IIC_Start)
    IIC_Stop                                 0x08005425   Thumb Code    56  myiic.o(i.IIC_Stop)
    IIC_Wait_Ack                             0x08005465   Thumb Code    74  myiic.o(i.IIC_Wait_Ack)
    LCD_Clear                                0x080054b9   Thumb Code    58  lcd.o(i.LCD_Clear)
    LCD_Display_Dir                          0x08005501   Thumb Code   256  lcd.o(i.LCD_Display_Dir)
    LCD_DrawLine                             0x08005609   Thumb Code   150  lcd.o(i.LCD_DrawLine)
    LCD_DrawPoint                            0x080056a1   Thumb Code    36  lcd.o(i.LCD_DrawPoint)
    LCD_DrawRectangle                        0x080056d1   Thumb Code    58  lcd.o(i.LCD_DrawRectangle)
    LCD_Draw_Circle                          0x0800570b   Thumb Code   176  lcd.o(i.LCD_Draw_Circle)
    LCD_Fast_DrawPoint                       0x080057bd   Thumb Code   214  lcd.o(i.LCD_Fast_DrawPoint)
    LCD_Fill                                 0x080058a1   Thumb Code    86  lcd.o(i.LCD_Fill)
    LCD_Init                                 0x08005901   Thumb Code 11032  lcd.o(i.LCD_Init)
    LCD_Pow                                  0x0800841d   Thumb Code    16  lcd.o(i.LCD_Pow)
    LCD_RD_DATA                              0x0800842d   Thumb Code    16  lcd.o(i.LCD_RD_DATA)
    LCD_SSD_BackLightSet                     0x08008441   Thumb Code    72  lcd.o(i.LCD_SSD_BackLightSet)
    LCD_Scan_Dir                             0x08008491   Thumb Code   414  lcd.o(i.LCD_Scan_Dir)
    LCD_SetCursor                            0x08008635   Thumb Code   236  lcd.o(i.LCD_SetCursor)
    LCD_ShowChar                             0x08008725   Thumb Code   196  lcd.o(i.LCD_ShowChar)
    LCD_ShowNum                              0x08008801   Thumb Code   118  lcd.o(i.LCD_ShowNum)
    LCD_ShowString                           0x08008877   Thumb Code    84  lcd.o(i.LCD_ShowString)
    LCD_WR_DATA                              0x080088cd   Thumb Code    20  lcd.o(i.LCD_WR_DATA)
    LCD_WR_REG                               0x080088e5   Thumb Code    20  lcd.o(i.LCD_WR_REG)
    LCD_WriteRAM_Prepare                     0x080088fd   Thumb Code    10  lcd.o(i.LCD_WriteRAM_Prepare)
    LCD_WriteReg                             0x08008911   Thumb Code    10  lcd.o(i.LCD_WriteReg)
    LTDC_Clear                               0x08008921   Thumb Code    28  ltdc.o(i.LTDC_Clear)
    LTDC_Clk_Set                             0x08008941   Thumb Code    30  ltdc.o(i.LTDC_Clk_Set)
    LTDC_Display_Dir                         0x08008961   Thumb Code    34  ltdc.o(i.LTDC_Display_Dir)
    LTDC_Draw_Point                          0x08008989   Thumb Code    52  ltdc.o(i.LTDC_Draw_Point)
    LTDC_Fill                                0x080089c5   Thumb Code   162  ltdc.o(i.LTDC_Fill)
    LTDC_Init                                0x08008a79   Thumb Code   494  ltdc.o(i.LTDC_Init)
    LTDC_Layer_Parameter_Config              0x08008c81   Thumb Code    86  ltdc.o(i.LTDC_Layer_Parameter_Config)
    LTDC_Layer_Window_Config                 0x08008cdd   Thumb Code    32  ltdc.o(i.LTDC_Layer_Window_Config)
    LTDC_PanelID_Read                        0x08008d01   Thumb Code   170  ltdc.o(i.LTDC_PanelID_Read)
    Load_Settings                            0x08008f1d   Thumb Code   194  main.o(i.Load_Settings)
    Log_Add                                  0x08008fe5   Thumb Code   134  main.o(i.Log_Add)
    MY_ADC_Init                              0x08009099   Thumb Code   108  adc.o(i.MY_ADC_Init)
    MemManage_Handler                        0x08009119   Thumb Code     2  stm32f4xx_it.o(i.MemManage_Handler)
    NMI_Handler                              0x0800911b   Thumb Code     2  stm32f4xx_it.o(i.NMI_Handler)
    OTT2001A_Init                            0x0800913d   Thumb Code   152  ott2001a.o(i.OTT2001A_Init)
    OTT2001A_RD_Reg                          0x080091f1   Thumb Code    96  ott2001a.o(i.OTT2001A_RD_Reg)
    OTT2001A_Scan                            0x08009251   Thumb Code   328  ott2001a.o(i.OTT2001A_Scan)
    OTT2001A_SensorControl                   0x080093bd   Thumb Code    30  ott2001a.o(i.OTT2001A_SensorControl)
    OTT2001A_WR_Reg                          0x080093db   Thumb Code    82  ott2001a.o(i.OTT2001A_WR_Reg)
    PendSV_Handler                           0x0800942d   Thumb Code     2  stm32f4xx_it.o(i.PendSV_Handler)
    RTC_Bcd2ToByte                           0x0800942f   Thumb Code    18  stm32f4xx_hal_rtc.o(i.RTC_Bcd2ToByte)
    RTC_ByteToBcd2                           0x08009441   Thumb Code    22  stm32f4xx_hal_rtc.o(i.RTC_ByteToBcd2)
    RTC_EnterInitMode                        0x08009457   Thumb Code    56  stm32f4xx_hal_rtc.o(i.RTC_EnterInitMode)
    RTC_Init_NoBattery                       0x08009491   Thumb Code   462  main.o(i.RTC_Init_NoBattery)
    SDRAM_Init                               0x080096b9   Thumb Code    86  sdram.o(i.SDRAM_Init)
    SDRAM_Initialization_Sequence            0x08009719   Thumb Code    74  sdram.o(i.SDRAM_Initialization_Sequence)
    SDRAM_Send_Cmd                           0x08009769   Thumb Code    48  sdram.o(i.SDRAM_Send_Cmd)
    SPI5_Init                                0x0800979d   Thumb Code    72  spi.o(i.SPI5_Init)
    SPI5_ReadWriteByte                       0x080097ed   Thumb Code    28  spi.o(i.SPI5_ReadWriteByte)
    SPI5_SetSpeed                            0x0800980d   Thumb Code    46  spi.o(i.SPI5_SetSpeed)
    SVC_Handler                              0x080098df   Thumb Code     2  stm32f4xx_it.o(i.SVC_Handler)
    Save_Settings                            0x080098e1   Thumb Code   222  main.o(i.Save_Settings)
    Send_AT                                  0x080099c5   Thumb Code   216  main.o(i.Send_AT)
    Show_Font                                0x08009ac1   Thumb Code   160  text.o(i.Show_Font)
    Show_Str                                 0x08009b69   Thumb Code   174  text.o(i.Show_Str)
    Stm32_Clock_Init                         0x08009c19   Thumb Code   122  sys.o(i.Stm32_Clock_Init)
    SysTick_Handler                          0x08009c9d   Thumb Code     4  stm32f4xx_it.o(i.SysTick_Handler)
    SystemInit                               0x08009ca1   Thumb Code    66  system_stm32f4xx.o(i.SystemInit)
    TP_Adj_Info_Show                         0x08009cf5   Thumb Code   326  touch.o(i.TP_Adj_Info_Show)
    TP_Adjust                                0x08009e6d   Thumb Code  1414  touch.o(i.TP_Adjust)
    TP_Drow_Touch_Point                      0x0800a425   Thumb Code   106  touch.o(i.TP_Drow_Touch_Point)
    TP_Get_Adjdata                           0x0800a495   Thumb Code    56  touch.o(i.TP_Get_Adjdata)
    TP_Init                                  0x0800a4d1   Thumb Code   356  touch.o(i.TP_Init)
    TP_Read_AD                               0x0800a65d   Thumb Code   128  touch.o(i.TP_Read_AD)
    TP_Read_XOY                              0x0800a6e9   Thumb Code    96  touch.o(i.TP_Read_XOY)
    TP_Read_XY                               0x0800a749   Thumb Code    34  touch.o(i.TP_Read_XY)
    TP_Read_XY2                              0x0800a771   Thumb Code   124  touch.o(i.TP_Read_XY2)
    TP_Save_Adjdata                          0x0800a7ed   Thumb Code    24  touch.o(i.TP_Save_Adjdata)
    TP_Scan                                  0x0800a809   Thumb Code   178  touch.o(i.TP_Scan)
    TP_Write_Byte                            0x0800a8c5   Thumb Code    62  touch.o(i.TP_Write_Byte)
    USART1_IRQHandler                        0x0800ac21   Thumb Code   100  usart.o(i.USART1_IRQHandler)
    Update_Feeder_UI                         0x0800ac8d   Thumb Code   194  main.o(i.Update_Feeder_UI)
    Update_Filter_UI                         0x0800ad91   Thumb Code   186  main.o(i.Update_Filter_UI)
    Update_Log_UI                            0x0800ae8d   Thumb Code   302  main.o(i.Update_Log_UI)
    Update_Monitor_View                      0x0800afcd   Thumb Code   698  main.o(i.Update_Monitor_View)
    Update_Pump_UI                           0x0800b395   Thumb Code   186  main.o(i.Update_Pump_UI)
    Update_Target_View                       0x0800b489   Thumb Code   180  main.o(i.Update_Target_View)
    UsageFault_Handler                       0x0800b561   Thumb Code     2  stm32f4xx_it.o(i.UsageFault_Handler)
    W25QXX_Init                              0x0800b565   Thumb Code   106  w25qxx.o(i.W25QXX_Init)
    W25QXX_Read                              0x0800b5e1   Thumb Code    94  w25qxx.o(i.W25QXX_Read)
    W25QXX_ReadID                            0x0800b649   Thumb Code    62  w25qxx.o(i.W25QXX_ReadID)
    W25QXX_ReadSR                            0x0800b68d   Thumb Code    52  w25qxx.o(i.W25QXX_ReadSR)
    WiFi_Connect_Bemfa                       0x0800b6c5   Thumb Code   232  main.o(i.WiFi_Connect_Bemfa)
    WiFi_Serial_Init                         0x0800ba15   Thumb Code   114  main.o(i.WiFi_Serial_Init)
    Wipe_Area                                0x0800ba99   Thumb Code    22  main.o(i.Wipe_Area)
    __ARM_fpclassify                         0x0800baaf   Thumb Code    48  fpclassify.o(i.__ARM_fpclassify)
    __hardfp_sqrt                            0x0800badf   Thumb Code   122  sqrt.o(i.__hardfp_sqrt)
    _is_digit                                0x0800bb59   Thumb Code    14  __printf_wp.o(i._is_digit)
    _sys_exit                                0x0800bb67   Thumb Code     2  usart.o(i._sys_exit)
    delay_init                               0x0800bb69   Thumb Code    16  delay.o(i.delay_init)
    delay_ms                                 0x0800bb7d   Thumb Code    26  delay.o(i.delay_ms)
    delay_us                                 0x0800bb99   Thumb Code    48  delay.o(i.delay_us)
    font_init                                0x0800bbcd   Thumb Code    58  fontupd.o(i.font_init)
    fputc                                    0x0800bc0d   Thumb Code    14  usart.o(i.fputc)
    main                                     0x0800bc21   Thumb Code  1966  main.o(i.main)
    uart_init                                0x0800c539   Thumb Code    28  usart.o(i.uart_init)
    _get_lc_numeric                          0x0800c55d   Thumb Code    44  lc_numeric_c.o(locale$$code)
    _get_lc_ctype                            0x0800c589   Thumb Code    44  lc_ctype_c.o(locale$$code)
    __aeabi_dadd                             0x0800c5b5   Thumb Code     0  daddsub_clz.o(x$fpl$dadd)
    _dadd                                    0x0800c5b5   Thumb Code   332  daddsub_clz.o(x$fpl$dadd)
    __fpl_dcmp_Inf                           0x0800c705   Thumb Code    24  dcmpi.o(x$fpl$dcmpinf)
    __aeabi_d2iz                             0x0800c71d   Thumb Code     0  dfix.o(x$fpl$dfix)
    _dfix                                    0x0800c71d   Thumb Code    94  dfix.o(x$fpl$dfix)
    __aeabi_d2uiz                            0x0800c77d   Thumb Code     0  dfixu.o(x$fpl$dfixu)
    _dfixu                                   0x0800c77d   Thumb Code    90  dfixu.o(x$fpl$dfixu)
    __aeabi_i2d                              0x0800c7d7   Thumb Code     0  dflt_clz.o(x$fpl$dflt)
    _dflt                                    0x0800c7d7   Thumb Code    46  dflt_clz.o(x$fpl$dflt)
    __aeabi_ui2d                             0x0800c805   Thumb Code     0  dflt_clz.o(x$fpl$dfltu)
    _dfltu                                   0x0800c805   Thumb Code    38  dflt_clz.o(x$fpl$dfltu)
    __aeabi_cdcmple                          0x0800c82d   Thumb Code     0  dleqf.o(x$fpl$dleqf)
    _dcmple                                  0x0800c82d   Thumb Code   120  dleqf.o(x$fpl$dleqf)
    __fpl_dcmple_InfNaN                      0x0800c88f   Thumb Code     0  dleqf.o(x$fpl$dleqf)
    __aeabi_dmul                             0x0800c8a5   Thumb Code     0  dmul.o(x$fpl$dmul)
    _dmul                                    0x0800c8a5   Thumb Code   332  dmul.o(x$fpl$dmul)
    __fpl_dnaninf                            0x0800c9f9   Thumb Code   156  dnaninf.o(x$fpl$dnaninf)
    __fpl_dretinf                            0x0800ca95   Thumb Code    12  dretinf.o(x$fpl$dretinf)
    __aeabi_cdrcmple                         0x0800caa1   Thumb Code     0  drleqf.o(x$fpl$drleqf)
    _drcmple                                 0x0800caa1   Thumb Code   108  drleqf.o(x$fpl$drleqf)
    __aeabi_drsub                            0x0800cb0d   Thumb Code     0  daddsub_clz.o(x$fpl$drsb)
    _drsb                                    0x0800cb0d   Thumb Code    22  daddsub_clz.o(x$fpl$drsb)
    _dsqrt                                   0x0800cb25   Thumb Code   404  dsqrt_umaal.o(x$fpl$dsqrt)
    __aeabi_dsub                             0x0800ccbd   Thumb Code     0  daddsub_clz.o(x$fpl$dsub)
    _dsub                                    0x0800ccbd   Thumb Code   464  daddsub_clz.o(x$fpl$dsub)
    __aeabi_f2d                              0x0800ce91   Thumb Code     0  f2d.o(x$fpl$f2d)
    _f2d                                     0x0800ce91   Thumb Code    86  f2d.o(x$fpl$f2d)
    __fpl_fnaninf                            0x0800cee7   Thumb Code   140  fnaninf.o(x$fpl$fnaninf)
    _fp_init                                 0x0800cf73   Thumb Code    10  fpinit.o(x$fpl$fpinit)
    __fplib_config_fpu_vfp                   0x0800cf7b   Thumb Code     0  fpinit.o(x$fpl$fpinit)
    __fplib_config_pureend_doubles           0x0800cf7b   Thumb Code     0  fpinit.o(x$fpl$fpinit)
    _printf_fp_dec                           0x0800cf7d   Thumb Code     4  printf1.o(x$fpl$printf1)
    APBAHBPrescTable                         0x0800cf80   Data          16  stm32f4xx_hal_rcc.o(.constdata)
    __I$use$fp                               0x0800cf80   Number         0  usenofp.o(x$fpl$usenofp)
    asc2_1206                                0x0800cf90   Data        1140  lcd.o(.constdata)
    asc2_1608                                0x0800d404   Data        1520  lcd.o(.constdata)
    asc2_2412                                0x0800d9f4   Data        3420  lcd.o(.constdata)
    asc2_3216                                0x0800e750   Data       12160  lcd.o(.constdata)
    TP_REMIND_MSG_TBL                        0x080116d0   Data           4  touch.o(.constdata)
    FT5206_TPX_TBL                           0x080116d4   Data          10  ft5206.o(.constdata)
    GT911_TPX_TBL                            0x080116de   Data          10  ft5206.o(.constdata)
    GT9147_CFG_TBL                           0x080116e8   Data         184  gt9147.o(.constdata)
    GT9147_TPX_TBL                           0x080117a0   Data          10  gt9147.o(.constdata)
    GT9271_CFG_TBL                           0x080117aa   Data         186  gt9271.o(.constdata)
    GT9271_TPX_TBL                           0x08011864   Data          20  gt9271.o(.constdata)
    OTT_TPX_TBL                              0x08011878   Data          10  ott2001a.o(.constdata)
    Region$$Table$$Base                      0x080119cc   Number         0  anon$$obj.o(Region$$Table)
    Region$$Table$$Limit                     0x080119ec   Number         0  anon$$obj.o(Region$$Table)
    __ctype                                  0x08011a15   Data           0  lc_ctype_c.o(locale$$data)
    mem3base                                 0x10000000   Data       61440  malloc.o(.ARM.__AT_0x10000000)
    mem3mapbase                              0x1000f000   Data        3840  malloc.o(.ARM.__AT_0x1000F000)
    saved_filter_mode                        0x20000000   Data           1  main.o(.data)
    saved_filter_on_time                     0x20000001   Data           1  main.o(.data)
    saved_pump_mode                          0x20000002   Data           1  main.o(.data)
    saved_pump_pulse_sec                     0x20000003   Data           1  main.o(.data)
    saved_feeder_mode                        0x20000004   Data           1  main.o(.data)
    saved_feeder_period_hours                0x20000005   Data           1  main.o(.data)
    filter_mode                              0x20000006   Data           1  main.o(.data)
    filter_on_time                           0x20000007   Data           1  main.o(.data)
    pump_mode                                0x20000008   Data           1  main.o(.data)
    pump_pulse_sec                           0x20000009   Data           1  main.o(.data)
    feeder_mode                              0x2000000a   Data           1  main.o(.data)
    feeder_period_hours                      0x2000000b   Data           1  main.o(.data)
    feeding_state                            0x2000000c   Data           1  main.o(.data)
    feed_timer                               0x2000000d   Data           1  main.o(.data)
    water_status                             0x2000000e   Data           1  main.o(.data)
    heater_state                             0x2000000f   Data           1  main.o(.data)
    filter_running                           0x20000010   Data           1  main.o(.data)
    pump_running                             0x20000011   Data           1  main.o(.data)
    sensor_high_status                       0x20000012   Data           1  main.o(.data)
    tank_water_status                        0x20000013   Data           1  main.o(.data)
    food_level_status                        0x20000014   Data           1  main.o(.data)
    filling_water                            0x20000015   Data           1  main.o(.data)
    SCR_W                                    0x2000001a   Data           2  main.o(.data)
    SCR_H                                    0x2000001c   Data           2  main.o(.data)
    last_touch_y                             0x2000001e   Data           2  main.o(.data)
    LEFT_CARD_W                              0x20000020   Data           2  main.o(.data)
    RIGHT_CARD_W                             0x20000022   Data           2  main.o(.data)
    LEFT_X                                   0x20000024   Data           2  main.o(.data)
    RIGHT_X                                  0x20000026   Data           2  main.o(.data)
    LOG_Y                                    0x20000028   Data           2  main.o(.data)
    LOG_W                                    0x2000002a   Data           2  main.o(.data)
    UI_TEMP_Y                                0x2000002c   Data           2  main.o(.data)
    UI_FILTER_Y                              0x2000002e   Data           2  main.o(.data)
    UI_PUMP_Y                                0x20000030   Data           2  main.o(.data)
    UI_FEEDER_Y                              0x20000032   Data           2  main.o(.data)
    GAP_Y                                    0x20000034   Data           2  main.o(.data)
    target_temp                              0x20000038   Data           4  main.o(.data)
    saved_temp_mirror                        0x2000003c   Data           4  main.o(.data)
    sys_tick_counter                         0x20000040   Data           4  main.o(.data)
    last_feed_tick                           0x20000044   Data           4  main.o(.data)
    show_log_count                           0x20000048   Data           4  main.o(.data)
    log_total_count                          0x2000004c   Data           4  main.o(.data)
    log_view_offset                          0x20000050   Data           4  main.o(.data)
    LOG_H_DYNAMIC                            0x20000058   Data           4  main.o(.data)
    SystemCoreClock                          0x2000005c   Data           4  system_stm32f4xx.o(.data)
    AHBPrescTable                            0x20000060   Data          16  system_stm32f4xx.o(.data)
    USART_RX_STA                             0x20000078   Data           2  usart.o(.data)
    __stdout                                 0x2000007c   Data           4  usart.o(.data)
    POINT_COLOR                              0x20000080   Data           4  lcd.o(.data)
    BACK_COLOR                               0x20000084   Data           4  lcd.o(.data)
    ltdc_framebuf                            0x20000088   Data           8  ltdc.o(.data)
    CMD_RDX                                  0x20000090   Data           1  touch.o(.data)
    CMD_RDY                                  0x20000091   Data           1  touch.o(.data)
    tp_dev                                   0x20000094   Data          72  touch.o(.data)
    g_gt_tnum                                0x200000dc   Data           1  ft5206.o(.data)
    CIP                                      0x200000de   Data           5  ft5206.o(.data)
    W25QXX_TYPE                              0x200000e6   Data           2  w25qxx.o(.data)
    hrtc                                     0x200000e8   Data          32  main.o(.bss)
    UART3_Handler                            0x20000108   Data          64  main.o(.bss)
    log_pool                                 0x20000148   Data       36000  main.o(.bss)
    USART_RX_BUF                             0x20008de8   Data         200  usart.o(.bss)
    UART1_Handler                            0x20008eb0   Data          64  usart.o(.bss)
    SRAM_Handler                             0x20008ef0   Data          80  lcd.o(.bss)
    lcddev                                   0x20008f40   Data          14  lcd.o(.bss)
    SDRAM_Handler                            0x20008f50   Data          52  sdram.o(.bss)
    LTDC_Handler                             0x20008f84   Data         168  ltdc.o(.bss)
    lcdltdc                                  0x2000902c   Data          32  ltdc.o(.bss)
    ADC1_Handler                             0x2000904c   Data          68  adc.o(.bss)
    SPI5_Handler                             0x20009090   Data          88  spi.o(.bss)
    ftinfo                                   0x200090e8   Data          41  fontupd.o(.bss)
    __libspace_start                         0x20009114   Data          96  libspace.o(.bss)
    __temporary_stack_top$libspace           0x20009174   Data           0  libspace.o(.bss)
    ltdc_lcd_framebuf                        0xc0000000   Data       2048000  ltdc.o(.ARM.__AT_0xC0000000)
    mem2base                                 0xc01f4000   Data       29605888  malloc.o(.ARM.__AT_0xC01F4000)
    mem2mapbase                              0xc1e30000   Data       1850368  malloc.o(.ARM.__AT_0xC1E30000)



==============================================================================

Memory Map of the image

  Image Entry point : 0x080001ad

  Load Region LR_IROM1 (Base: 0x08000000, Size: 0x00011c00, Max: 0x00100000, ABSOLUTE)

    Execution Region ER_IROM1 (Exec base: 0x08000000, Load base: 0x08000000, Size: 0x00011b18, Max: 0x00100000, ABSOLUTE)

    Exec Addr    Load Addr    Size         Type   Attr      Idx    E Section Name        Object

    0x08000000   0x08000000   0x000001ac   Data   RO          793    RESET               startup_stm32f429xx.o
    0x080001ac   0x080001ac   0x00000008   Code   RO         7621  * !!!main             c_w.l(__main.o)
    0x080001b4   0x080001b4   0x00000034   Code   RO         7919    !!!scatter          c_w.l(__scatter.o)
    0x080001e8   0x080001e8   0x0000001a   Code   RO         7921    !!handler_copy      c_w.l(__scatter_copy.o)
    0x08000202   0x08000202   0x00000002   PAD
    0x08000204   0x08000204   0x0000001c   Code   RO         7923    !!handler_zi        c_w.l(__scatter_zi.o)
    0x08000220   0x08000220   0x00000000   Code   RO         7596    .ARM.Collect$$_printf_percent$$00000000  c_w.l(_printf_percent.o)
    0x08000220   0x08000220   0x00000006   Code   RO         7595    .ARM.Collect$$_printf_percent$$00000003  c_w.l(_printf_f.o)
    0x08000226   0x08000226   0x00000006   Code   RO         7594    .ARM.Collect$$_printf_percent$$00000009  c_w.l(_printf_d.o)
    0x0800022c   0x0800022c   0x00000006   Code   RO         7593    .ARM.Collect$$_printf_percent$$0000000C  c_w.l(_printf_x.o)
    0x08000232   0x08000232   0x00000006   Code   RO         7592    .ARM.Collect$$_printf_percent$$00000014  c_w.l(_printf_s.o)
    0x08000238   0x08000238   0x00000004   Code   RO         7691    .ARM.Collect$$_printf_percent$$00000017  c_w.l(_printf_percent_end.o)
    0x0800023c   0x0800023c   0x00000002   Code   RO         7794    .ARM.Collect$$libinit$$00000000  c_w.l(libinit.o)
    0x0800023e   0x0800023e   0x00000004   Code   RO         7795    .ARM.Collect$$libinit$$00000001  c_w.l(libinit2.o)
    0x08000242   0x08000242   0x00000000   Code   RO         7798    .ARM.Collect$$libinit$$00000004  c_w.l(libinit2.o)
    0x08000242   0x08000242   0x00000000   Code   RO         7801    .ARM.Collect$$libinit$$0000000A  c_w.l(libinit2.o)
    0x08000242   0x08000242   0x00000000   Code   RO         7803    .ARM.Collect$$libinit$$0000000C  c_w.l(libinit2.o)
    0x08000242   0x08000242   0x00000000   Code   RO         7805    .ARM.Collect$$libinit$$0000000E  c_w.l(libinit2.o)
    0x08000242   0x08000242   0x00000006   Code   RO         7806    .ARM.Collect$$libinit$$0000000F  c_w.l(libinit2.o)
    0x08000248   0x08000248   0x00000000   Code   RO         7808    .ARM.Collect$$libinit$$00000011  c_w.l(libinit2.o)
    0x08000248   0x08000248   0x0000000c   Code   RO         7809    .ARM.Collect$$libinit$$00000012  c_w.l(libinit2.o)
    0x08000254   0x08000254   0x00000000   Code   RO         7810    .ARM.Collect$$libinit$$00000013  c_w.l(libinit2.o)
    0x08000254   0x08000254   0x00000000   Code   RO         7812    .ARM.Collect$$libinit$$00000015  c_w.l(libinit2.o)
    0x08000254   0x08000254   0x0000000a   Code   RO         7813    .ARM.Collect$$libinit$$00000016  c_w.l(libinit2.o)
    0x0800025e   0x0800025e   0x00000000   Code   RO         7814    .ARM.Collect$$libinit$$00000017  c_w.l(libinit2.o)
    0x0800025e   0x0800025e   0x00000000   Code   RO         7816    .ARM.Collect$$libinit$$00000019  c_w.l(libinit2.o)
    0x0800025e   0x0800025e   0x00000000   Code   RO         7818    .ARM.Collect$$libinit$$0000001B  c_w.l(libinit2.o)
    0x0800025e   0x0800025e   0x00000000   Code   RO         7820    .ARM.Collect$$libinit$$0000001D  c_w.l(libinit2.o)
    0x0800025e   0x0800025e   0x00000000   Code   RO         7822    .ARM.Collect$$libinit$$0000001F  c_w.l(libinit2.o)
    0x0800025e   0x0800025e   0x00000000   Code   RO         7824    .ARM.Collect$$libinit$$00000021  c_w.l(libinit2.o)
    0x0800025e   0x0800025e   0x00000000   Code   RO         7826    .ARM.Collect$$libinit$$00000023  c_w.l(libinit2.o)
    0x0800025e   0x0800025e   0x00000000   Code   RO         7828    .ARM.Collect$$libinit$$00000025  c_w.l(libinit2.o)
    0x0800025e   0x0800025e   0x00000000   Code   RO         7832    .ARM.Collect$$libinit$$0000002C  c_w.l(libinit2.o)
    0x0800025e   0x0800025e   0x00000000   Code   RO         7834    .ARM.Collect$$libinit$$0000002E  c_w.l(libinit2.o)
    0x0800025e   0x0800025e   0x00000000   Code   RO         7836    .ARM.Collect$$libinit$$00000030  c_w.l(libinit2.o)
    0x0800025e   0x0800025e   0x00000000   Code   RO         7838    .ARM.Collect$$libinit$$00000032  c_w.l(libinit2.o)
    0x0800025e   0x0800025e   0x00000002   Code   RO         7839    .ARM.Collect$$libinit$$00000033  c_w.l(libinit2.o)
    0x08000260   0x08000260   0x00000002   Code   RO         7881    .ARM.Collect$$libshutdown$$00000000  c_w.l(libshutdown.o)
    0x08000262   0x08000262   0x00000000   Code   RO         7900    .ARM.Collect$$libshutdown$$00000002  c_w.l(libshutdown2.o)
    0x08000262   0x08000262   0x00000000   Code   RO         7902    .ARM.Collect$$libshutdown$$00000004  c_w.l(libshutdown2.o)
    0x08000262   0x08000262   0x00000000   Code   RO         7904    .ARM.Collect$$libshutdown$$00000006  c_w.l(libshutdown2.o)
    0x08000262   0x08000262   0x00000000   Code   RO         7907    .ARM.Collect$$libshutdown$$00000009  c_w.l(libshutdown2.o)
    0x08000262   0x08000262   0x00000000   Code   RO         7910    .ARM.Collect$$libshutdown$$0000000C  c_w.l(libshutdown2.o)
    0x08000262   0x08000262   0x00000000   Code   RO         7912    .ARM.Collect$$libshutdown$$0000000E  c_w.l(libshutdown2.o)
    0x08000262   0x08000262   0x00000000   Code   RO         7915    .ARM.Collect$$libshutdown$$00000011  c_w.l(libshutdown2.o)
    0x08000262   0x08000262   0x00000002   Code   RO         7916    .ARM.Collect$$libshutdown$$00000012  c_w.l(libshutdown2.o)
    0x08000264   0x08000264   0x00000000   Code   RO         7667    .ARM.Collect$$rtentry$$00000000  c_w.l(__rtentry.o)
    0x08000264   0x08000264   0x00000000   Code   RO         7709    .ARM.Collect$$rtentry$$00000002  c_w.l(__rtentry2.o)
    0x08000264   0x08000264   0x00000006   Code   RO         7721    .ARM.Collect$$rtentry$$00000004  c_w.l(__rtentry4.o)
    0x0800026a   0x0800026a   0x00000000   Code   RO         7711    .ARM.Collect$$rtentry$$00000009  c_w.l(__rtentry2.o)
    0x0800026a   0x0800026a   0x00000004   Code   RO         7712    .ARM.Collect$$rtentry$$0000000A  c_w.l(__rtentry2.o)
    0x0800026e   0x0800026e   0x00000000   Code   RO         7714    .ARM.Collect$$rtentry$$0000000C  c_w.l(__rtentry2.o)
    0x0800026e   0x0800026e   0x00000008   Code   RO         7715    .ARM.Collect$$rtentry$$0000000D  c_w.l(__rtentry2.o)
    0x08000276   0x08000276   0x00000002   Code   RO         7840    .ARM.Collect$$rtexit$$00000000  c_w.l(rtexit.o)
    0x08000278   0x08000278   0x00000000   Code   RO         7853    .ARM.Collect$$rtexit$$00000002  c_w.l(rtexit2.o)
    0x08000278   0x08000278   0x00000004   Code   RO         7854    .ARM.Collect$$rtexit$$00000003  c_w.l(rtexit2.o)
    0x0800027c   0x0800027c   0x00000006   Code   RO         7855    .ARM.Collect$$rtexit$$00000004  c_w.l(rtexit2.o)
    0x08000282   0x08000282   0x00000002   PAD
    0x08000284   0x08000284   0x00000040   Code   RO          794    .text               startup_stm32f429xx.o
    0x080002c4   0x080002c4   0x00000002   Code   RO         7531    .text               c_w.l(use_no_semi_2.o)
    0x080002c6   0x080002c6   0x00000002   PAD
    0x080002c8   0x080002c8   0x00000018   Code   RO         7539    .text               c_w.l(noretval__2printf.o)
    0x080002e0   0x080002e0   0x00000028   Code   RO         7541    .text               c_w.l(noretval__2sprintf.o)
    0x08000308   0x08000308   0x0000004e   Code   RO         7545    .text               c_w.l(_printf_pad.o)
    0x08000356   0x08000356   0x00000052   Code   RO         7547    .text               c_w.l(_printf_str.o)
    0x080003a8   0x080003a8   0x00000078   Code   RO         7549    .text               c_w.l(_printf_dec.o)
    0x08000420   0x08000420   0x00000058   Code   RO         7554    .text               c_w.l(_printf_hex_int.o)
    0x08000478   0x08000478   0x00000138   Code   RO         7584    .text               c_w.l(__printf_flags_wp.o)
    0x080005b0   0x080005b0   0x0000001a   Code   RO         7597    .text               c_w.l(atoi.o)
    0x080005ca   0x080005ca   0x00000024   Code   RO         7599    .text               c_w.l(strstr.o)
    0x080005ee   0x080005ee   0x00000048   Code   RO         7601    .text               c_w.l(strcpy.o)
    0x08000636   0x08000636   0x0000003e   Code   RO         7603    .text               c_w.l(strlen.o)
    0x08000674   0x08000674   0x00000096   Code   RO         7605    .text               c_w.l(strncmp.o)
    0x0800070a   0x0800070a   0x00000064   Code   RO         7611    .text               c_w.l(rt_memcpy_w.o)
    0x0800076e   0x0800076e   0x0000004e   Code   RO         7615    .text               c_w.l(rt_memclr_w.o)
    0x080007bc   0x080007bc   0x00000080   Code   RO         7617    .text               c_w.l(strcmpv7m.o)
    0x0800083c   0x0800083c   0x00000006   Code   RO         7619    .text               c_w.l(heapauxi.o)
    0x08000842   0x08000842   0x00000002   Code   RO         7665    .text               c_w.l(use_no_semi.o)
    0x08000844   0x08000844   0x00000008   Code   RO         7675    .text               c_w.l(rt_errno_addr_intlibspace.o)
    0x0800084c   0x0800084c   0x00000016   Code   RO         7677    .text               c_w.l(_rserrno.o)
    0x08000862   0x08000862   0x000000b2   Code   RO         7679    .text               c_w.l(_printf_intcommon.o)
    0x08000914   0x08000914   0x0000041e   Code   RO         7681    .text               c_w.l(_printf_fp_dec.o)
    0x08000d32   0x08000d32   0x00000002   PAD
    0x08000d34   0x08000d34   0x00000030   Code   RO         7683    .text               c_w.l(_printf_char_common.o)
    0x08000d64   0x08000d64   0x0000000a   Code   RO         7685    .text               c_w.l(_sputc.o)
    0x08000d6e   0x08000d6e   0x0000002c   Code   RO         7687    .text               c_w.l(_printf_char.o)
    0x08000d9a   0x08000d9a   0x00000002   PAD
    0x08000d9c   0x08000d9c   0x00000024   Code   RO         7689    .text               c_w.l(_printf_char_file.o)
    0x08000dc0   0x08000dc0   0x00000070   Code   RO         7692    .text               c_w.l(strtol.o)
    0x08000e30   0x08000e30   0x00000008   Code   RO         7705    .text               c_w.l(libspace.o)
    0x08000e38   0x08000e38   0x00000010   Code   RO         7723    .text               c_w.l(rt_ctype_table.o)
    0x08000e48   0x08000e48   0x00000008   Code   RO         7730    .text               c_w.l(rt_locale_intlibspace.o)
    0x08000e50   0x08000e50   0x0000008a   Code   RO         7732    .text               c_w.l(lludiv10.o)
    0x08000eda   0x08000eda   0x00000002   PAD
    0x08000edc   0x08000edc   0x00000080   Code   RO         7734    .text               c_w.l(_printf_fp_infnan.o)
    0x08000f5c   0x08000f5c   0x0000009e   Code   RO         7738    .text               c_w.l(_strtoul.o)
    0x08000ffa   0x08000ffa   0x00000002   PAD
    0x08000ffc   0x08000ffc   0x000000e4   Code   RO         7740    .text               c_w.l(bigflt0.o)
    0x080010e0   0x080010e0   0x00000008   Code   RO         7765    .text               c_w.l(ferror.o)
    0x080010e8   0x080010e8   0x0000004a   Code   RO         7776    .text               c_w.l(sys_stackheap_outer.o)
    0x08001132   0x08001132   0x0000001c   Code   RO         7778    .text               c_w.l(_chval.o)
    0x0800114e   0x0800114e   0x00000012   Code   RO         7783    .text               c_w.l(exit.o)
    0x08001160   0x08001160   0x0000003e   Code   RO         7743    CL$$btod_d2e        c_w.l(btod.o)
    0x0800119e   0x0800119e   0x00000046   Code   RO         7745    CL$$btod_d2e_denorm_low  c_w.l(btod.o)
    0x080011e4   0x080011e4   0x00000060   Code   RO         7744    CL$$btod_d2e_norm_op1  c_w.l(btod.o)
    0x08001244   0x08001244   0x00000338   Code   RO         7753    CL$$btod_div_common  c_w.l(btod.o)
    0x0800157c   0x0800157c   0x000000dc   Code   RO         7750    CL$$btod_e2e        c_w.l(btod.o)
    0x08001658   0x08001658   0x0000002a   Code   RO         7747    CL$$btod_ediv       c_w.l(btod.o)
    0x08001682   0x08001682   0x0000002a   Code   RO         7746    CL$$btod_emul       c_w.l(btod.o)
    0x080016ac   0x080016ac   0x00000244   Code   RO         7752    CL$$btod_mult_common  c_w.l(btod.o)
    0x080018f0   0x080018f0   0x00000134   Code   RO         3723    i.ADC_Init          stm32f4xx_hal_adc.o
    0x08001a24   0x08001a24   0x00000004   Code   RO         5864    i.AT24CXX_Init      24cxx.o
    0x08001a28   0x08001a28   0x00000022   Code   RO         5865    i.AT24CXX_Read      24cxx.o
    0x08001a4a   0x08001a4a   0x00000042   Code   RO         5867    i.AT24CXX_ReadOneByte  24cxx.o
    0x08001a8c   0x08001a8c   0x00000020   Code   RO         5868    i.AT24CXX_Write     24cxx.o
    0x08001aac   0x08001aac   0x0000003e   Code   RO         5870    i.AT24CXX_WriteOneByte  24cxx.o
    0x08001aea   0x08001aea   0x00000002   PAD
    0x08001aec   0x08001aec   0x0000003c   Code   RO          764    i.BSP_Liquid_Init   bsp_liquid.o
    0x08001b28   0x08001b28   0x000000a0   Code   RO          669    i.BSP_Relay_Init    bsp_relay.o
    0x08001bc8   0x08001bc8   0x00000044   Code   RO          670    i.BSP_Relay_Set     bsp_relay.o
    0x08001c0c   0x08001c0c   0x00000002   Code   RO          455    i.BusFault_Handler  stm32f4xx_it.o
    0x08001c0e   0x08001c0e   0x00000002   PAD
    0x08001c10   0x08001c10   0x00000044   Code   RO         5930    i.CT_IIC_Ack        ctiic.o
    0x08001c54   0x08001c54   0x00000070   Code   RO         5931    i.CT_IIC_Init       ctiic.o
    0x08001cc4   0x08001cc4   0x00000038   Code   RO         5932    i.CT_IIC_NAck       ctiic.o
    0x08001cfc   0x08001cfc   0x0000005c   Code   RO         5933    i.CT_IIC_Read_Byte  ctiic.o
    0x08001d58   0x08001d58   0x00000048   Code   RO         5934    i.CT_IIC_Send_Byte  ctiic.o
    0x08001da0   0x08001da0   0x0000003c   Code   RO         5935    i.CT_IIC_Start      ctiic.o
    0x08001ddc   0x08001ddc   0x00000038   Code   RO         5936    i.CT_IIC_Stop       ctiic.o
    0x08001e14   0x08001e14   0x00000058   Code   RO         5937    i.CT_IIC_Wait_Ack   ctiic.o
    0x08001e6c   0x08001e6c   0x00000060   Code   RO          699    i.DS18B20_Check     bsp_ds18b20.o
    0x08001ecc   0x08001ecc   0x0000006c   Code   RO          700    i.DS18B20_Get_Temp  bsp_ds18b20.o
    0x08001f38   0x08001f38   0x00000040   Code   RO          701    i.DS18B20_Init      bsp_ds18b20.o
    0x08001f78   0x08001f78   0x00000060   Code   RO          702    i.DS18B20_Read_Bit  bsp_ds18b20.o
    0x08001fd8   0x08001fd8   0x0000001e   Code   RO          703    i.DS18B20_Read_Byte  bsp_ds18b20.o
    0x08001ff6   0x08001ff6   0x00000002   PAD
    0x08001ff8   0x08001ff8   0x00000040   Code   RO          704    i.DS18B20_Rst       bsp_ds18b20.o
    0x08002038   0x08002038   0x0000001a   Code   RO          705    i.DS18B20_Start     bsp_ds18b20.o
    0x08002052   0x08002052   0x00000002   PAD
    0x08002054   0x08002054   0x0000006c   Code   RO          706    i.DS18B20_Write_Byte  bsp_ds18b20.o
    0x080020c0   0x080020c0   0x00000002   Code   RO          456    i.DebugMon_Handler  stm32f4xx_it.o
    0x080020c2   0x080020c2   0x00000002   PAD
    0x080020c4   0x080020c4   0x00000070   Code   RO            5    i.Draw_CN_Btn       main.o
    0x08002134   0x08002134   0x00000098   Code   RO            6    i.Draw_CN_Setting_Frame  main.o
    0x080021cc   0x080021cc   0x00000068   Code   RO            7    i.Draw_Card         main.o
    0x08002234   0x08002234   0x00000080   Code   RO            8    i.Draw_Circle_Btn   main.o
    0x080022b4   0x080022b4   0x0000010c   Code   RO            9    i.Draw_Dashboard    main.o
    0x080023c0   0x080023c0   0x00000064   Code   RO           10    i.Extra_Sensors_Init  main.o
    0x08002424   0x08002424   0x00000040   Code   RO         2938    i.FMC_NORSRAM_Extended_Timing_Init  stm32f4xx_ll_fmc.o
    0x08002464   0x08002464   0x00000078   Code   RO         2939    i.FMC_NORSRAM_Init  stm32f4xx_ll_fmc.o
    0x080024dc   0x080024dc   0x0000005c   Code   RO         2940    i.FMC_NORSRAM_Timing_Init  stm32f4xx_ll_fmc.o
    0x08002538   0x08002538   0x0000004c   Code   RO         2950    i.FMC_SDRAM_Init    stm32f4xx_ll_fmc.o
    0x08002584   0x08002584   0x0000000c   Code   RO         2951    i.FMC_SDRAM_ProgramRefreshRate  stm32f4xx_ll_fmc.o
    0x08002590   0x08002590   0x00000048   Code   RO         2952    i.FMC_SDRAM_SendCommand  stm32f4xx_ll_fmc.o
    0x080025d8   0x080025d8   0x0000007c   Code   RO         2954    i.FMC_SDRAM_Timing_Init  stm32f4xx_ll_fmc.o
    0x08002654   0x08002654   0x00000158   Code   RO         6002    i.FT5206_Init       ft5206.o
    0x080027ac   0x080027ac   0x00000056   Code   RO         6003    i.FT5206_RD_Reg     ft5206.o
    0x08002802   0x08002802   0x00000002   PAD
    0x08002804   0x08002804   0x00000240   Code   RO         6004    i.FT5206_Scan       ft5206.o
    0x08002a44   0x08002a44   0x00000048   Code   RO         6005    i.FT5206_WR_Reg     ft5206.o
    0x08002a8c   0x08002a8c   0x0000016c   Code   RO         6048    i.GT9147_Init       gt9147.o
    0x08002bf8   0x08002bf8   0x00000060   Code   RO         6049    i.GT9147_RD_Reg     gt9147.o
    0x08002c58   0x08002c58   0x000001f8   Code   RO         6050    i.GT9147_Scan       gt9147.o
    0x08002e50   0x08002e50   0x0000004c   Code   RO         6051    i.GT9147_Send_Cfg   gt9147.o
    0x08002e9c   0x08002e9c   0x00000052   Code   RO         6052    i.GT9147_WR_Reg     gt9147.o
    0x08002eee   0x08002eee   0x00000002   PAD
    0x08002ef0   0x08002ef0   0x0000013c   Code   RO         6100    i.GT9271_Init       gt9271.o
    0x0800302c   0x0800302c   0x00000060   Code   RO         6101    i.GT9271_RD_Reg     gt9271.o
    0x0800308c   0x0800308c   0x000001b0   Code   RO         6102    i.GT9271_Scan       gt9271.o
    0x0800323c   0x0800323c   0x0000004c   Code   RO         6103    i.GT9271_Send_Cfg   gt9271.o
    0x08003288   0x08003288   0x00000052   Code   RO         6104    i.GT9271_WR_Reg     gt9271.o
    0x080032da   0x080032da   0x00000002   PAD
    0x080032dc   0x080032dc   0x00000038   Code   RO         5651    i.Get_Adc           adc.o
    0x08003314   0x08003314   0x0000002e   Code   RO         5652    i.Get_Adc_Average   adc.o
    0x08003342   0x08003342   0x00000002   PAD
    0x08003344   0x08003344   0x00000098   Code   RO         7490    i.Get_HzMat         text.o
    0x080033dc   0x080033dc   0x00000154   Code   RO         3725    i.HAL_ADC_ConfigChannel  stm32f4xx_hal_adc.o
    0x08003530   0x08003530   0x00000006   Code   RO         3732    i.HAL_ADC_GetValue  stm32f4xx_hal_adc.o
    0x08003536   0x08003536   0x0000003a   Code   RO         3734    i.HAL_ADC_Init      stm32f4xx_hal_adc.o
    0x08003570   0x08003570   0x00000002   Code   RO         3737    i.HAL_ADC_MspInit   stm32f4xx_hal_adc.o
    0x08003572   0x08003572   0x0000006c   Code   RO         3738    i.HAL_ADC_PollForConversion  stm32f4xx_hal_adc.o
    0x080035de   0x080035de   0x00000002   PAD
    0x080035e0   0x080035e0   0x00000088   Code   RO         3740    i.HAL_ADC_Start     stm32f4xx_hal_adc.o
    0x08003668   0x08003668   0x000001dc   Code   RO         1085    i.HAL_GPIO_Init     stm32f4xx_hal_gpio.o
    0x08003844   0x08003844   0x0000000a   Code   RO         1087    i.HAL_GPIO_ReadPin  stm32f4xx_hal_gpio.o
    0x0800384e   0x0800384e   0x0000000a   Code   RO         1089    i.HAL_GPIO_WritePin  stm32f4xx_hal_gpio.o
    0x08003858   0x08003858   0x0000000c   Code   RO          816    i.HAL_GetTick       stm32f4xx_hal.o
    0x08003864   0x08003864   0x00000010   Code   RO          817    i.HAL_IncTick       stm32f4xx_hal.o
    0x08003874   0x08003874   0x00000034   Code   RO          818    i.HAL_Init          stm32f4xx_hal.o
    0x080038a8   0x080038a8   0x00000022   Code   RO          819    i.HAL_InitTick      stm32f4xx_hal.o
    0x080038ca   0x080038ca   0x00000052   Code   RO         3388    i.HAL_LTDC_ConfigLayer  stm32f4xx_hal_ltdc.o
    0x0800391c   0x0800391c   0x000000fc   Code   RO         3400    i.HAL_LTDC_Init     stm32f4xx_hal_ltdc.o
    0x08003a18   0x08003a18   0x000000f4   Code   RO         5537    i.HAL_LTDC_MspInit  ltdc.o
    0x08003b0c   0x08003b0c   0x00000054   Code   RO         3409    i.HAL_LTDC_SetWindowPosition  stm32f4xx_hal_ltdc.o
    0x08003b60   0x08003b60   0x00000054   Code   RO         3410    i.HAL_LTDC_SetWindowSize  stm32f4xx_hal_ltdc.o
    0x08003bb4   0x08003bb4   0x00000008   Code   RO          821    i.HAL_MspInit       stm32f4xx_hal.o
    0x08003bbc   0x08003bbc   0x00000016   Code   RO          962    i.HAL_NVIC_EnableIRQ  stm32f4xx_hal_cortex.o
    0x08003bd2   0x08003bd2   0x00000002   PAD
    0x08003bd4   0x08003bd4   0x00000040   Code   RO          968    i.HAL_NVIC_SetPriority  stm32f4xx_hal_cortex.o
    0x08003c14   0x08003c14   0x00000024   Code   RO          969    i.HAL_NVIC_SetPriorityGrouping  stm32f4xx_hal_cortex.o
    0x08003c38   0x08003c38   0x00000088   Code   RO         1274    i.HAL_PWREx_EnableOverDrive  stm32f4xx_hal_pwr_ex.o
    0x08003cc0   0x08003cc0   0x00000018   Code   RO         1155    i.HAL_PWR_EnableBkUpAccess  stm32f4xx_hal_pwr.o
    0x08003cd8   0x08003cd8   0x000002a8   Code   RO         1446    i.HAL_RCCEx_PeriphCLKConfig  stm32f4xx_hal_rcc_ex.o
    0x08003f80   0x08003f80   0x00000208   Code   RO         1341    i.HAL_RCC_ClockConfig  stm32f4xx_hal_rcc.o
    0x08004188   0x08004188   0x00000034   Code   RO         1346    i.HAL_RCC_GetHCLKFreq  stm32f4xx_hal_rcc.o
    0x080041bc   0x080041bc   0x0000002c   Code   RO         1348    i.HAL_RCC_GetPCLK1Freq  stm32f4xx_hal_rcc.o
    0x080041e8   0x080041e8   0x0000002c   Code   RO         1349    i.HAL_RCC_GetPCLK2Freq  stm32f4xx_hal_rcc.o
    0x08004214   0x08004214   0x00000074   Code   RO         1350    i.HAL_RCC_GetSysClockFreq  stm32f4xx_hal_rcc.o
    0x08004288   0x08004288   0x0000031c   Code   RO         1353    i.HAL_RCC_OscConfig  stm32f4xx_hal_rcc.o
    0x080045a4   0x080045a4   0x00000044   Code   RO         4710    i.HAL_RTC_GetDate   stm32f4xx_hal_rtc.o
    0x080045e8   0x080045e8   0x00000058   Code   RO         4712    i.HAL_RTC_GetTime   stm32f4xx_hal_rtc.o
    0x08004640   0x08004640   0x0000009c   Code   RO         4713    i.HAL_RTC_Init      stm32f4xx_hal_rtc.o
    0x080046dc   0x080046dc   0x00000002   Code   RO         4715    i.HAL_RTC_MspInit   stm32f4xx_hal_rtc.o
    0x080046de   0x080046de   0x00000002   PAD
    0x080046e0   0x080046e0   0x000000d0   Code   RO         4719    i.HAL_RTC_SetDate   stm32f4xx_hal_rtc.o
    0x080047b0   0x080047b0   0x000000f0   Code   RO         4720    i.HAL_RTC_SetTime   stm32f4xx_hal_rtc.o
    0x080048a0   0x080048a0   0x00000034   Code   RO         4721    i.HAL_RTC_WaitForSynchro  stm32f4xx_hal_rtc.o
    0x080048d4   0x080048d4   0x00000042   Code   RO         3236    i.HAL_SDRAM_Init    stm32f4xx_hal_sdram.o
    0x08004916   0x08004916   0x00000002   PAD
    0x08004918   0x08004918   0x000000dc   Code   RO         5479    i.HAL_SDRAM_MspInit  sdram.o
    0x080049f4   0x080049f4   0x00000022   Code   RO         3239    i.HAL_SDRAM_ProgramRefreshRate  stm32f4xx_hal_sdram.o
    0x08004a16   0x08004a16   0x0000002e   Code   RO         3245    i.HAL_SDRAM_SendCommand  stm32f4xx_hal_sdram.o
    0x08004a44   0x08004a44   0x00000084   Code   RO         4003    i.HAL_SPI_Init      stm32f4xx_hal_spi.o
    0x08004ac8   0x08004ac8   0x00000054   Code   RO         6581    i.HAL_SPI_MspInit   spi.o
    0x08004b1c   0x08004b1c   0x000002aa   Code   RO         4012    i.HAL_SPI_TransmitReceive  stm32f4xx_hal_spi.o
    0x08004dc6   0x08004dc6   0x00000056   Code   RO         3114    i.HAL_SRAM_Init     stm32f4xx_hal_sram.o
    0x08004e1c   0x08004e1c   0x00000078   Code   RO         5258    i.HAL_SRAM_MspInit  lcd.o
    0x08004e94   0x08004e94   0x00000018   Code   RO          971    i.HAL_SYSTICK_CLKSourceConfig  stm32f4xx_hal_cortex.o
    0x08004eac   0x08004eac   0x00000028   Code   RO          973    i.HAL_SYSTICK_Config  stm32f4xx_hal_cortex.o
    0x08004ed4   0x08004ed4   0x00000002   Code   RO         1493    i.HAL_UART_ErrorCallback  stm32f4xx_hal_uart.o
    0x08004ed6   0x08004ed6   0x000000f4   Code   RO         1496    i.HAL_UART_IRQHandler  stm32f4xx_hal_uart.o
    0x08004fca   0x08004fca   0x0000005e   Code   RO         1497    i.HAL_UART_Init     stm32f4xx_hal_uart.o
    0x08005028   0x08005028   0x00000094   Code   RO         5136    i.HAL_UART_MspInit  usart.o
    0x080050bc   0x080050bc   0x000000ca   Code   RO         1500    i.HAL_UART_Receive  stm32f4xx_hal_uart.o
    0x08005186   0x08005186   0x00000002   Code   RO         1503    i.HAL_UART_RxCpltCallback  stm32f4xx_hal_uart.o
    0x08005188   0x08005188   0x000000c8   Code   RO         1505    i.HAL_UART_Transmit  stm32f4xx_hal_uart.o
    0x08005250   0x08005250   0x00000002   Code   RO         1508    i.HAL_UART_TxCpltCallback  stm32f4xx_hal_uart.o
    0x08005252   0x08005252   0x00000002   Code   RO          457    i.HardFault_Handler  stm32f4xx_it.o
    0x08005254   0x08005254   0x00000040   Code   RO         5797    i.IIC_Ack           myiic.o
    0x08005294   0x08005294   0x00000048   Code   RO         5798    i.IIC_Init          myiic.o
    0x080052dc   0x080052dc   0x00000040   Code   RO         5799    i.IIC_NAck          myiic.o
    0x0800531c   0x0800531c   0x00000068   Code   RO         5800    i.IIC_Read_Byte     myiic.o
    0x08005384   0x08005384   0x00000060   Code   RO         5801    i.IIC_Send_Byte     myiic.o
    0x080053e4   0x080053e4   0x00000040   Code   RO         5802    i.IIC_Start         myiic.o
    0x08005424   0x08005424   0x00000040   Code   RO         5803    i.IIC_Stop          myiic.o
    0x08005464   0x08005464   0x00000054   Code   RO         5804    i.IIC_Wait_Ack      myiic.o
    0x080054b8   0x080054b8   0x00000048   Code   RO         5260    i.LCD_Clear         lcd.o
    0x08005500   0x08005500   0x00000108   Code   RO         5264    i.LCD_Display_Dir   lcd.o
    0x08005608   0x08005608   0x00000096   Code   RO         5265    i.LCD_DrawLine      lcd.o
    0x0800569e   0x0800569e   0x00000002   PAD
    0x080056a0   0x080056a0   0x00000030   Code   RO         5266    i.LCD_DrawPoint     lcd.o
    0x080056d0   0x080056d0   0x0000003a   Code   RO         5267    i.LCD_DrawRectangle  lcd.o
    0x0800570a   0x0800570a   0x000000b0   Code   RO         5268    i.LCD_Draw_Circle   lcd.o
    0x080057ba   0x080057ba   0x00000002   PAD
    0x080057bc   0x080057bc   0x000000e4   Code   RO         5269    i.LCD_Fast_DrawPoint  lcd.o
    0x080058a0   0x080058a0   0x00000060   Code   RO         5270    i.LCD_Fill          lcd.o
    0x08005900   0x08005900   0x00002b1c   Code   RO         5271    i.LCD_Init          lcd.o
    0x0800841c   0x0800841c   0x00000010   Code   RO         5272    i.LCD_Pow           lcd.o
    0x0800842c   0x0800842c   0x00000014   Code   RO         5273    i.LCD_RD_DATA       lcd.o
    0x08008440   0x08008440   0x00000050   Code   RO         5276    i.LCD_SSD_BackLightSet  lcd.o
    0x08008490   0x08008490   0x000001a4   Code   RO         5277    i.LCD_Scan_Dir      lcd.o
    0x08008634   0x08008634   0x000000f0   Code   RO         5278    i.LCD_SetCursor     lcd.o
    0x08008724   0x08008724   0x000000dc   Code   RO         5280    i.LCD_ShowChar      lcd.o
    0x08008800   0x08008800   0x00000076   Code   RO         5281    i.LCD_ShowNum       lcd.o
    0x08008876   0x08008876   0x00000054   Code   RO         5282    i.LCD_ShowString    lcd.o
    0x080088ca   0x080088ca   0x00000002   PAD
    0x080088cc   0x080088cc   0x00000018   Code   RO         5284    i.LCD_WR_DATA       lcd.o
    0x080088e4   0x080088e4   0x00000018   Code   RO         5285    i.LCD_WR_REG        lcd.o
    0x080088fc   0x080088fc   0x00000014   Code   RO         5287    i.LCD_WriteRAM_Prepare  lcd.o
    0x08008910   0x08008910   0x00000010   Code   RO         5288    i.LCD_WriteReg      lcd.o
    0x08008920   0x08008920   0x00000020   Code   RO         5538    i.LTDC_Clear        ltdc.o
    0x08008940   0x08008940   0x0000001e   Code   RO         5539    i.LTDC_Clk_Set      ltdc.o
    0x0800895e   0x0800895e   0x00000002   PAD
    0x08008960   0x08008960   0x00000028   Code   RO         5541    i.LTDC_Display_Dir  ltdc.o
    0x08008988   0x08008988   0x0000003c   Code   RO         5542    i.LTDC_Draw_Point   ltdc.o
    0x080089c4   0x080089c4   0x000000b4   Code   RO         5543    i.LTDC_Fill         ltdc.o
    0x08008a78   0x08008a78   0x00000208   Code   RO         5544    i.LTDC_Init         ltdc.o
    0x08008c80   0x08008c80   0x0000005c   Code   RO         5545    i.LTDC_Layer_Parameter_Config  ltdc.o
    0x08008cdc   0x08008cdc   0x00000024   Code   RO         5547    i.LTDC_Layer_Window_Config  ltdc.o
    0x08008d00   0x08008d00   0x000000b8   Code   RO         5548    i.LTDC_PanelID_Read  ltdc.o
    0x08008db8   0x08008db8   0x00000162   Code   RO         3411    i.LTDC_SetConfig    stm32f4xx_hal_ltdc.o
    0x08008f1a   0x08008f1a   0x00000002   PAD
    0x08008f1c   0x08008f1c   0x000000c8   Code   RO           11    i.Load_Settings     main.o
    0x08008fe4   0x08008fe4   0x000000b4   Code   RO           12    i.Log_Add           main.o
    0x08009098   0x08009098   0x00000080   Code   RO         5653    i.MY_ADC_Init       adc.o
    0x08009118   0x08009118   0x00000002   Code   RO          458    i.MemManage_Handler  stm32f4xx_it.o
    0x0800911a   0x0800911a   0x00000002   Code   RO          459    i.NMI_Handler       stm32f4xx_it.o
    0x0800911c   0x0800911c   0x00000020   Code   RO          975    i.NVIC_SetPriority  stm32f4xx_hal_cortex.o
    0x0800913c   0x0800913c   0x000000b4   Code   RO         6152    i.OTT2001A_Init     ott2001a.o
    0x080091f0   0x080091f0   0x00000060   Code   RO         6153    i.OTT2001A_RD_Reg   ott2001a.o
    0x08009250   0x08009250   0x0000016c   Code   RO         6154    i.OTT2001A_Scan     ott2001a.o
    0x080093bc   0x080093bc   0x0000001e   Code   RO         6155    i.OTT2001A_SensorControl  ott2001a.o
    0x080093da   0x080093da   0x00000052   Code   RO         6156    i.OTT2001A_WR_Reg   ott2001a.o
    0x0800942c   0x0800942c   0x00000002   Code   RO          460    i.PendSV_Handler    stm32f4xx_it.o
    0x0800942e   0x0800942e   0x00000012   Code   RO         4722    i.RTC_Bcd2ToByte    stm32f4xx_hal_rtc.o
    0x08009440   0x08009440   0x00000016   Code   RO         4723    i.RTC_ByteToBcd2    stm32f4xx_hal_rtc.o
    0x08009456   0x08009456   0x00000038   Code   RO         4724    i.RTC_EnterInitMode  stm32f4xx_hal_rtc.o
    0x0800948e   0x0800948e   0x00000002   PAD
    0x08009490   0x08009490   0x00000228   Code   RO           13    i.RTC_Init_NoBattery  main.o
    0x080096b8   0x080096b8   0x00000060   Code   RO         5480    i.SDRAM_Init        sdram.o
    0x08009718   0x08009718   0x00000050   Code   RO         5481    i.SDRAM_Initialization_Sequence  sdram.o
    0x08009768   0x08009768   0x00000034   Code   RO         5482    i.SDRAM_Send_Cmd    sdram.o
    0x0800979c   0x0800979c   0x00000050   Code   RO         6582    i.SPI5_Init         spi.o
    0x080097ec   0x080097ec   0x00000020   Code   RO         6583    i.SPI5_ReadWriteByte  spi.o
    0x0800980c   0x0800980c   0x00000034   Code   RO         6584    i.SPI5_SetSpeed     spi.o
    0x08009840   0x08009840   0x0000009e   Code   RO         4034    i.SPI_WaitOnFlagUntilTimeout  stm32f4xx_hal_spi.o
    0x080098de   0x080098de   0x00000002   Code   RO          461    i.SVC_Handler       stm32f4xx_it.o
    0x080098e0   0x080098e0   0x000000e4   Code   RO           14    i.Save_Settings     main.o
    0x080099c4   0x080099c4   0x000000fc   Code   RO           15    i.Send_AT           main.o
    0x08009ac0   0x08009ac0   0x000000a8   Code   RO         7491    i.Show_Font         text.o
    0x08009b68   0x08009b68   0x000000ae   Code   RO         7492    i.Show_Str          text.o
    0x08009c16   0x08009c16   0x00000002   PAD
    0x08009c18   0x08009c18   0x00000084   Code   RO         5109    i.Stm32_Clock_Init  sys.o
    0x08009c9c   0x08009c9c   0x00000004   Code   RO          462    i.SysTick_Handler   stm32f4xx_it.o
    0x08009ca0   0x08009ca0   0x00000054   Code   RO          534    i.SystemInit        system_stm32f4xx.o
    0x08009cf4   0x08009cf4   0x00000178   Code   RO         5690    i.TP_Adj_Info_Show  touch.o
    0x08009e6c   0x08009e6c   0x000005b8   Code   RO         5691    i.TP_Adjust         touch.o
    0x0800a424   0x0800a424   0x00000070   Code   RO         5693    i.TP_Drow_Touch_Point  touch.o
    0x0800a494   0x0800a494   0x0000003c   Code   RO         5694    i.TP_Get_Adjdata    touch.o
    0x0800a4d0   0x0800a4d0   0x0000018c   Code   RO         5695    i.TP_Init           touch.o
    0x0800a65c   0x0800a65c   0x0000008c   Code   RO         5696    i.TP_Read_AD        touch.o
    0x0800a6e8   0x0800a6e8   0x00000060   Code   RO         5697    i.TP_Read_XOY       touch.o
    0x0800a748   0x0800a748   0x00000028   Code   RO         5698    i.TP_Read_XY        touch.o
    0x0800a770   0x0800a770   0x0000007c   Code   RO         5699    i.TP_Read_XY2       touch.o
    0x0800a7ec   0x0800a7ec   0x0000001c   Code   RO         5700    i.TP_Save_Adjdata   touch.o
    0x0800a808   0x0800a808   0x000000bc   Code   RO         5701    i.TP_Scan           touch.o
    0x0800a8c4   0x0800a8c4   0x00000048   Code   RO         5702    i.TP_Write_Byte     touch.o
    0x0800a90c   0x0800a90c   0x000000a6   Code   RO         1515    i.UART_Receive_IT   stm32f4xx_hal_uart.o
    0x0800a9b2   0x0800a9b2   0x00000002   PAD
    0x0800a9b4   0x0800a9b4   0x00000174   Code   RO         1516    i.UART_SetConfig    stm32f4xx_hal_uart.o
    0x0800ab28   0x0800ab28   0x00000066   Code   RO         1517    i.UART_Transmit_IT  stm32f4xx_hal_uart.o
    0x0800ab8e   0x0800ab8e   0x00000092   Code   RO         1518    i.UART_WaitOnFlagUntilTimeout  stm32f4xx_hal_uart.o
    0x0800ac20   0x0800ac20   0x0000006c   Code   RO         5137    i.USART1_IRQHandler  usart.o
    0x0800ac8c   0x0800ac8c   0x00000104   Code   RO           16    i.Update_Feeder_UI  main.o
    0x0800ad90   0x0800ad90   0x000000fc   Code   RO           17    i.Update_Filter_UI  main.o
    0x0800ae8c   0x0800ae8c   0x00000140   Code   RO           18    i.Update_Log_UI     main.o
    0x0800afcc   0x0800afcc   0x000003c8   Code   RO           19    i.Update_Monitor_View  main.o
    0x0800b394   0x0800b394   0x000000f4   Code   RO           20    i.Update_Pump_UI    main.o
    0x0800b488   0x0800b488   0x000000d8   Code   RO           21    i.Update_Target_View  main.o
    0x0800b560   0x0800b560   0x00000002   Code   RO          463    i.UsageFault_Handler  stm32f4xx_it.o
    0x0800b562   0x0800b562   0x00000002   PAD
    0x0800b564   0x0800b564   0x0000007c   Code   RO         6631    i.W25QXX_Init       w25qxx.o
    0x0800b5e0   0x0800b5e0   0x00000068   Code   RO         6633    i.W25QXX_Read       w25qxx.o
    0x0800b648   0x0800b648   0x00000044   Code   RO         6634    i.W25QXX_ReadID     w25qxx.o
    0x0800b68c   0x0800b68c   0x00000038   Code   RO         6635    i.W25QXX_ReadSR     w25qxx.o
    0x0800b6c4   0x0800b6c4   0x00000350   Code   RO           22    i.WiFi_Connect_Bemfa  main.o
    0x0800ba14   0x0800ba14   0x00000084   Code   RO           24    i.WiFi_Serial_Init  main.o
    0x0800ba98   0x0800ba98   0x00000016   Code   RO           26    i.Wipe_Area         main.o
    0x0800baae   0x0800baae   0x00000030   Code   RO         7774    i.__ARM_fpclassify  m_wm.l(fpclassify.o)
    0x0800bade   0x0800bade   0x0000007a   Code   RO         7653    i.__hardfp_sqrt     m_wm.l(sqrt.o)
    0x0800bb58   0x0800bb58   0x0000000e   Code   RO         7582    i._is_digit         c_w.l(__printf_wp.o)
    0x0800bb66   0x0800bb66   0x00000002   Code   RO         5138    i._sys_exit         usart.o
    0x0800bb68   0x0800bb68   0x00000014   Code   RO         5070    i.delay_init        delay.o
    0x0800bb7c   0x0800bb7c   0x0000001a   Code   RO         5071    i.delay_ms          delay.o
    0x0800bb96   0x0800bb96   0x00000002   PAD
    0x0800bb98   0x0800bb98   0x00000034   Code   RO         5072    i.delay_us          delay.o
    0x0800bbcc   0x0800bbcc   0x00000040   Code   RO         7439    i.font_init         fontupd.o
    0x0800bc0c   0x0800bc0c   0x00000014   Code   RO         5139    i.fputc             usart.o
    0x0800bc20   0x0800bc20   0x00000918   Code   RO           27    i.main              main.o
    0x0800c538   0x0800c538   0x00000024   Code   RO         5140    i.uart_init         usart.o
    0x0800c55c   0x0800c55c   0x0000002c   Code   RO         7770    locale$$code        c_w.l(lc_numeric_c.o)
    0x0800c588   0x0800c588   0x0000002c   Code   RO         7781    locale$$code        c_w.l(lc_ctype_c.o)
    0x0800c5b4   0x0800c5b4   0x00000150   Code   RO         7623    x$fpl$dadd          fz_wm.l(daddsub_clz.o)
    0x0800c704   0x0800c704   0x00000018   Code   RO         7694    x$fpl$dcmpinf       fz_wm.l(dcmpi.o)
    0x0800c71c   0x0800c71c   0x0000005e   Code   RO         7629    x$fpl$dfix          fz_wm.l(dfix.o)
    0x0800c77a   0x0800c77a   0x00000002   PAD
    0x0800c77c   0x0800c77c   0x0000005a   Code   RO         7633    x$fpl$dfixu         fz_wm.l(dfixu.o)
    0x0800c7d6   0x0800c7d6   0x0000002e   Code   RO         7638    x$fpl$dflt          fz_wm.l(dflt_clz.o)
    0x0800c804   0x0800c804   0x00000026   Code   RO         7637    x$fpl$dfltu         fz_wm.l(dflt_clz.o)
    0x0800c82a   0x0800c82a   0x00000002   PAD
    0x0800c82c   0x0800c82c   0x00000078   Code   RO         7643    x$fpl$dleqf         fz_wm.l(dleqf.o)
    0x0800c8a4   0x0800c8a4   0x00000154   Code   RO         7645    x$fpl$dmul          fz_wm.l(dmul.o)
    0x0800c9f8   0x0800c9f8   0x0000009c   Code   RO         7696    x$fpl$dnaninf       fz_wm.l(dnaninf.o)
    0x0800ca94   0x0800ca94   0x0000000c   Code   RO         7698    x$fpl$dretinf       fz_wm.l(dretinf.o)
    0x0800caa0   0x0800caa0   0x0000006c   Code   RO         7647    x$fpl$drleqf        fz_wm.l(drleqf.o)
    0x0800cb0c   0x0800cb0c   0x00000016   Code   RO         7624    x$fpl$drsb          fz_wm.l(daddsub_clz.o)
    0x0800cb22   0x0800cb22   0x00000002   PAD
    0x0800cb24   0x0800cb24   0x00000198   Code   RO         7700    x$fpl$dsqrt         fz_wm.l(dsqrt_umaal.o)
    0x0800ccbc   0x0800ccbc   0x000001d4   Code   RO         7625    x$fpl$dsub          fz_wm.l(daddsub_clz.o)
    0x0800ce90   0x0800ce90   0x00000056   Code   RO         7649    x$fpl$f2d           fz_wm.l(f2d.o)
    0x0800cee6   0x0800cee6   0x0000008c   Code   RO         7702    x$fpl$fnaninf       fz_wm.l(fnaninf.o)
    0x0800cf72   0x0800cf72   0x0000000a   Code   RO         7850    x$fpl$fpinit        fz_wm.l(fpinit.o)
    0x0800cf7c   0x0800cf7c   0x00000004   Code   RO         7651    x$fpl$printf1       fz_wm.l(printf1.o)
    0x0800cf80   0x0800cf80   0x00000000   Code   RO         7704    x$fpl$usenofp       fz_wm.l(usenofp.o)
    0x0800cf80   0x0800cf80   0x00000010   Data   RO         1354    .constdata          stm32f4xx_hal_rcc.o
    0x0800cf90   0x0800cf90   0x00004740   Data   RO         5291    .constdata          lcd.o
    0x080116d0   0x080116d0   0x00000004   Data   RO         5703    .constdata          touch.o
    0x080116d4   0x080116d4   0x00000014   Data   RO         6006    .constdata          ft5206.o
    0x080116e8   0x080116e8   0x000000c2   Data   RO         6053    .constdata          gt9147.o
    0x080117aa   0x080117aa   0x000000ce   Data   RO         6105    .constdata          gt9271.o
    0x08011878   0x08011878   0x0000000a   Data   RO         6157    .constdata          ott2001a.o
    0x08011882   0x08011882   0x00000028   Data   RO         7555    .constdata          c_w.l(_printf_hex_int.o)
    0x080118aa   0x080118aa   0x00000011   Data   RO         7585    .constdata          c_w.l(__printf_flags_wp.o)
    0x080118bb   0x080118bb   0x00000001   PAD
    0x080118bc   0x080118bc   0x00000094   Data   RO         7741    .constdata          c_w.l(bigflt0.o)
    0x08011950   0x08011950   0x00000079   Data   RO         5704    .conststring        touch.o
    0x080119c9   0x080119c9   0x00000003   PAD
    0x080119cc   0x080119cc   0x00000020   Data   RO         7917    Region$$Table       anon$$obj.o
    0x080119ec   0x080119ec   0x0000001c   Data   RO         7769    locale$$data        c_w.l(lc_numeric_c.o)
    0x08011a08   0x08011a08   0x00000110   Data   RO         7780    locale$$data        c_w.l(lc_ctype_c.o)


    Execution Region RW_IRAM1 (Exec base: 0x20000000, Load base: 0x08011b18, Size: 0x00009778, Max: 0x00030000, ABSOLUTE)

    Exec Addr    Load Addr    Size         Type   Attr      Idx    E Section Name        Object

    0x20000000   0x08011b18   0x0000005c   Data   RW           29    .data               main.o
    0x2000005c   0x08011b74   0x00000014   Data   RW          535    .data               system_stm32f4xx.o
    0x20000070   0x08011b88   0x00000004   Data   RW          824    .data               stm32f4xx_hal.o
    0x20000074   0x08011b8c   0x00000004   Data   RW         5073    .data               delay.o
    0x20000078   0x08011b90   0x00000002   Data   RW         5142    .data               usart.o
    0x2000007a   0x08011b92   0x00000002   PAD
    0x2000007c   0x08011b94   0x00000004   Data   RW         5143    .data               usart.o
    0x20000080   0x08011b98   0x00000008   Data   RW         5292    .data               lcd.o
    0x20000088   0x08011ba0   0x00000008   Data   RW         5555    .data               ltdc.o
    0x20000090   0x08011ba8   0x0000004c   Data   RW         5705    .data               touch.o
    0x200000dc   0x08011bf4   0x00000007   Data   RW         6007    .data               ft5206.o
    0x200000e3   0x08011bfb   0x00000001   Data   RW         6054    .data               gt9147.o
    0x200000e4   0x08011bfc   0x00000001   Data   RW         6106    .data               gt9271.o
    0x200000e5   0x08011bfd   0x00000001   Data   RW         6158    .data               ott2001a.o
    0x200000e6   0x08011bfe   0x00000002   Data   RW         6645    .data               w25qxx.o
    0x200000e8        -       0x00008d00   Zero   RW           28    .bss                main.o
    0x20008de8        -       0x00000108   Zero   RW         5141    .bss                usart.o
    0x20008ef0        -       0x0000005e   Zero   RW         5290    .bss                lcd.o
    0x20008f4e   0x08011c00   0x00000002   PAD
    0x20008f50        -       0x00000034   Zero   RW         5483    .bss                sdram.o
    0x20008f84        -       0x000000c8   Zero   RW         5553    .bss                ltdc.o
    0x2000904c        -       0x00000044   Zero   RW         5654    .bss                adc.o
    0x20009090        -       0x00000058   Zero   RW         6585    .bss                spi.o
    0x200090e8        -       0x00000029   Zero   RW         7443    .bss                fontupd.o
    0x20009111   0x08011c00   0x00000003   PAD
    0x20009114        -       0x00000060   Zero   RW         7706    .bss                c_w.l(libspace.o)
    0x20009174   0x08011c00   0x00000004   PAD
    0x20009178        -       0x00000200   Zero   RW          792    HEAP                startup_stm32f429xx.o
    0x20009378        -       0x00000400   Zero   RW          791    STACK               startup_stm32f429xx.o



  Load Region LR$$.ARM.__AT_0x10000000 (Base: 0x10000000, Size: 0x00000000, Max: 0x0000f000, ABSOLUTE)

    Execution Region ER$$.ARM.__AT_0x10000000 (Exec base: 0x10000000, Load base: 0x10000000, Size: 0x0000f000, Max: 0x0000f000, ABSOLUTE, UNINIT)

    Exec Addr    Load Addr    Size         Type   Attr      Idx    E Section Name        Object

    0x10000000        -       0x0000f000   Zero   RW         7365    .ARM.__AT_0x10000000  malloc.o



  Load Region LR$$.ARM.__AT_0x1000F000 (Base: 0x1000f000, Size: 0x00000000, Max: 0x00000f00, ABSOLUTE)

    Execution Region ER$$.ARM.__AT_0x1000F000 (Exec base: 0x1000f000, Load base: 0x1000f000, Size: 0x00000f00, Max: 0x00000f00, ABSOLUTE, UNINIT)

    Exec Addr    Load Addr    Size         Type   Attr      Idx    E Section Name        Object

    0x1000f000        -       0x00000f00   Zero   RW         7366    .ARM.__AT_0x1000F000  malloc.o



  Load Region LR$$.ARM.__AT_0xC0000000 (Base: 0xc0000000, Size: 0x00000000, Max: 0x001f4000, ABSOLUTE)

    Execution Region ER$$.ARM.__AT_0xC0000000 (Exec base: 0xc0000000, Load base: 0xc0000000, Size: 0x001f4000, Max: 0x001f4000, ABSOLUTE, UNINIT)

    Exec Addr    Load Addr    Size         Type   Attr      Idx    E Section Name        Object

    0xc0000000        -       0x001f4000   Zero   RW         5552    .ARM.__AT_0xC0000000  ltdc.o



  Load Region LR$$.ARM.__AT_0xC01F4000 (Base: 0xc01f4000, Size: 0x00000000, Max: 0x01c3c000, ABSOLUTE)

    Execution Region ER$$.ARM.__AT_0xC01F4000 (Exec base: 0xc01f4000, Load base: 0xc01f4000, Size: 0x01c3c000, Max: 0x01c3c000, ABSOLUTE, UNINIT)

    Exec Addr    Load Addr    Size         Type   Attr      Idx    E Section Name        Object

    0xc01f4000        -       0x01c3c000   Zero   RW         7367    .ARM.__AT_0xC01F4000  malloc.o



  Load Region LR$$.ARM.__AT_0xC1E30000 (Base: 0xc1e30000, Size: 0x00000000, Max: 0x001c3c00, ABSOLUTE)

    Execution Region ER$$.ARM.__AT_0xC1E30000 (Exec base: 0xc1e30000, Load base: 0xc1e30000, Size: 0x001c3c00, Max: 0x001c3c00, ABSOLUTE, UNINIT)

    Exec Addr    Load Addr    Size         Type   Attr      Idx    E Section Name        Object

    0xc1e30000        -       0x001c3c00   Zero   RW         7368    .ARM.__AT_0xC1E30000  malloc.o


==============================================================================

Image component sizes


      Code (inc. data)   RO Data    RW Data    ZI Data      Debug   Object Name

       198          0          0          0          0       3395   24cxx.o
       230         26          0          0         68       2465   adc.o
       592         36          0          0          0       5010   bsp_ds18b20.o
        60         10          0          0          0        810   bsp_liquid.o
       228         36          0          0          0       1485   bsp_relay.o
       604         82          0          0          0       5529   ctiic.o
        98          8          0          4          0       1931   delay.o
         0          0          0          0          0       2736   exfuns.o
        64          6          0          0         41       2043   fontupd.o
      1078         68         20          7          0       4553   ft5206.o
      1122         96        194          1          0       5022   gt9147.o
      1002         78        206          1          0       4890   gt9271.o
     13530        194      18240          8         94      25011   lcd.o
      1418        118          0          8    2048200       9372   ltdc.o
      7866       2012          0         92      36096     461116   main.o
         0          0          0          0   31521536       1953   malloc.o
       612         74          0          0          0       4938   myiic.o
       752         64         10          1          0       4567   ott2001a.o
       448         46          0          0         52       3390   sdram.o
       248         28          0          0         88       2834   spi.o
        64         26        428          0       1536        828   startup_stm32f429xx.o
       122         16          0          4          0       4124   stm32f4xx_hal.o
       958         36          0          0          0       5536   stm32f4xx_hal_adc.o
       218         14          0          0          0      30909   stm32f4xx_hal_cortex.o
       496         54          0          0          0       3295   stm32f4xx_hal_gpio.o
       856          4          0          0          0       4725   stm32f4xx_hal_ltdc.o
        24          4          0          0          0        543   stm32f4xx_hal_pwr.o
       136         14          0          0          0       1296   stm32f4xx_hal_pwr_ex.o
      1572         72         16          0          0       6331   stm32f4xx_hal_rcc.o
       680         36          0          0          0       1668   stm32f4xx_hal_rcc_ex.o
       910         26          0          0          0       8006   stm32f4xx_hal_rtc.o
       146          0          0          0          0       2712   stm32f4xx_hal_sdram.o
       972          0          0          0          0       3757   stm32f4xx_hal_spi.o
        86          0          0          0          0       1212   stm32f4xx_hal_sram.o
      1532          8          0          0          0       9818   stm32f4xx_hal_uart.o
        20          0          0          0          0       3962   stm32f4xx_it.o
       560         20          0          0          0       5952   stm32f4xx_ll_fmc.o
       132         10          0          0          0       1135   sys.o
        84         18          0         20          0       1025   system_stm32f4xx.o
       494         14          0          0          0       3571   text.o
      3096        240        125         76          0      11183   touch.o
       314         36          0          6        264       4851   usart.o
       352         38          0          2          0       3620   w25qxx.o

    ----------------------------------------------------------------------
     44020       3668      19274        232   33607980     673109   Object Totals
         0          0         32          0          0          0   (incl. Generated)
        46          0          3          2          5          0   (incl. Padding)

    ----------------------------------------------------------------------

      Code (inc. data)   RO Data    RW Data    ZI Data      Debug   Library Member Name

         8          0          0          0          0         68   __main.o
       312          4         17          0          0         92   __printf_flags_wp.o
        14          0          0          0          0         68   __printf_wp.o
         0          0          0          0          0          0   __rtentry.o
        12          0          0          0          0          0   __rtentry2.o
         6          0          0          0          0          0   __rtentry4.o
        52          8          0          0          0          0   __scatter.o
        26          0          0          0          0          0   __scatter_copy.o
        28          0          0          0          0          0   __scatter_zi.o
        28          0          0          0          0         68   _chval.o
        44          0          0          0          0        108   _printf_char.o
        48          6          0          0          0         96   _printf_char_common.o
        36          4          0          0          0         80   _printf_char_file.o
         6          0          0          0          0          0   _printf_d.o
       120         16          0          0          0         92   _printf_dec.o
         6          0          0          0          0          0   _printf_f.o
      1054          0          0          0          0        216   _printf_fp_dec.o
       128         16          0          0          0         84   _printf_fp_infnan.o
        88          4         40          0          0         88   _printf_hex_int.o
       178          0          0          0          0         88   _printf_intcommon.o
        78          0          0          0          0        108   _printf_pad.o
         0          0          0          0          0          0   _printf_percent.o
         4          0          0          0          0          0   _printf_percent_end.o
         6          0          0          0          0          0   _printf_s.o
        82          0          0          0          0         80   _printf_str.o
         6          0          0          0          0          0   _printf_x.o
        22          0          0          0          0        100   _rserrno.o
        10          0          0          0          0         68   _sputc.o
       158          0          0          0          0         92   _strtoul.o
        26          0          0          0          0         80   atoi.o
       228          4        148          0          0         96   bigflt0.o
      1936        128          0          0          0        672   btod.o
        18          0          0          0          0         80   exit.o
         8          0          0          0          0         68   ferror.o
         6          0          0          0          0        152   heapauxi.o
        44         10        272          0          0         76   lc_ctype_c.o
        44         10         28          0          0         76   lc_numeric_c.o
         2          0          0          0          0          0   libinit.o
        34          0          0          0          0          0   libinit2.o
         2          0          0          0          0          0   libshutdown.o
         2          0          0          0          0          0   libshutdown2.o
         8          4          0          0         96         68   libspace.o
       138          0          0          0          0         80   lludiv10.o
        24          4          0          0          0         84   noretval__2printf.o
        40          6          0          0          0         84   noretval__2sprintf.o
        16          4          0          0          0         76   rt_ctype_table.o
         8          4          0          0          0         68   rt_errno_addr_intlibspace.o
         8          4          0          0          0         68   rt_locale_intlibspace.o
        78          0          0          0          0         80   rt_memclr_w.o
       100          0          0          0          0         80   rt_memcpy_w.o
         2          0          0          0          0          0   rtexit.o
        10          0          0          0          0          0   rtexit2.o
       128          0          0          0          0         68   strcmpv7m.o
        72          0          0          0          0         80   strcpy.o
        62          0          0          0          0         76   strlen.o
       150          0          0          0          0         80   strncmp.o
        36          0          0          0          0         80   strstr.o
       112          0          0          0          0         88   strtol.o
        74          0          0          0          0         80   sys_stackheap_outer.o
         2          0          0          0          0         68   use_no_semi.o
         2          0          0          0          0         68   use_no_semi_2.o
       826         16          0          0          0        492   daddsub_clz.o
        24          0          0          0          0        116   dcmpi.o
        94          4          0          0          0        140   dfix.o
        90          4          0          0          0        140   dfixu.o
        84          0          0          0          0        232   dflt_clz.o
       120          4          0          0          0        140   dleqf.o
       340         12          0          0          0        152   dmul.o
       156          4          0          0          0        140   dnaninf.o
        12          0          0          0          0        116   dretinf.o
       108          0          0          0          0        128   drleqf.o
       408         56          0          0          0        168   dsqrt_umaal.o
        86          4          0          0          0        132   f2d.o
       140          4          0          0          0        132   fnaninf.o
        10          0          0          0          0        116   fpinit.o
         4          0          0          0          0        116   printf1.o
         0          0          0          0          0          0   usenofp.o
        48          0          0          0          0        124   fpclassify.o
       122          0          0          0          0        148   sqrt.o

    ----------------------------------------------------------------------
      8672        344        506          0        100       7004   Library Totals
        20          0          1          0          4          0   (incl. Padding)

    ----------------------------------------------------------------------

      Code (inc. data)   RO Data    RW Data    ZI Data      Debug   Library Name

      5980        236        505          0         96       4272   c_w.l
      2502        108          0          0          0       2460   fz_wm.l
       170          0          0          0          0        272   m_wm.l

    ----------------------------------------------------------------------
      8672        344        506          0        100       7004   Library Totals

    ----------------------------------------------------------------------

==============================================================================


      Code (inc. data)   RO Data    RW Data    ZI Data      Debug   

     52692       4012      19780        232   33608080     654269   Grand Totals
     52692       4012      19780        232   33608080     654269   ELF Image Totals
     52692       4012      19780        232          0          0   ROM Totals

==============================================================================

    Total RO  Size (Code + RO Data)                72472 (  70.77kB)
    Total RW  Size (RW Data + ZI Data)          33608312 (32820.62kB)
    Total ROM Size (Code + RO Data + RW Data)      72704 (  71.00kB)

==============================================================================

